081111 091733 19 INFO dfs.FSNamesystem: BLOCK* ask 10.251.126.5:50010 to delete  blk_-9016567407076718172 blk_-8695715290502978219 blk_-7168328752988473716 blk_-4355192005224403537 blk_-3757501769775889193 blk_-154600013573668394 blk_167132135416677587 blk_2654596473569751784 blk_5202581916713319258
[07.27 10:22:16] chrome.exe *64 - www.google.com:443 open through proxy proxy.cse.cuhk.edu.hk:5070 HTTPS
081111 091742 19 INFO dfs.FSDataset: Deleting block blk_-2808875502459981198 file /mnt/hadoop/dfs/data/current/subdir3/blk_-2808875502459981198
nova-compute.log.1.2017-05-16_13:55:31 2017-05-16 00:13:55.141 2931 INFO nova.virt.libvirt.imagecache [req-addc1839-2ed5-4778-b57e-5854eb7b8b09 - - - - -] image 0673dd71-34c5-4fbb-86c4-40623fbe45b4 at (/var/lib/nova/instances/_base/a489c868f0c37da93b76227c91bb03908ac0e742): in use: on this node 1 local, 0 on other nodes sharing this instance storage
Jul  7 20:32:28 calvisitor-10-105-160-85 iconservicesagent[328]: -[ISGenerateImageOp generateImageWithCompletion:] Failed to composit image for descriptor <ISBindingImageDescriptor: 0x7f9951214ca0>.
081111 091837 24935 INFO dfs.DataNode$PacketResponder: PacketResponder 0 for block blk_34905976850091068 terminating
2015-07-29 19:34:11,864 - INFO  [/10.10.34.13:3888:QuorumCnxManager$Listener@493] - Received connection request /10.10.34.11:49396
2015-10-18 18:10:34,091 WARN [LeaseRenewer:msrabi@msra-sa-41:9000] org.apache.hadoop.hdfs.LeaseRenewer: Failed to renew lease for [DFSClient_NONMAPREDUCE_1537864556_1] for 336 seconds.  Will retry shortly ...
03-17 16:16:04.774  1702  2107 I NotificationManager: Marking notification as seen 0|com.tencent.mm|4097|null|10112
2016-09-29 02:04:35, Info                  CBS    Read out cached package applicability for package: Package_for_KB3139914~31bf3856ad364e35~amd64~~6.1.1.0, ApplicableState: 112, CurrentState:112
Dec 10 11:04:07 LabSZ sshd[25484]: pam_unix(sshd:auth): authentication failure; logname= uid=0 euid=0 tty=ssh ruser= rhost=103.99.0.122 
[Mon Dec 05 16:02:02 2005] [error] mod_jk child workerEnv in error state 6
- 1131567265 2005.11.09 tbird-admin1 Nov 9 12:14:25 local@tbird-admin1 /apps/x86_64/system/ganglia-3.0.1/sbin/gmetad[1682]: data_thread() got not answer from any [Thunderbird_C2] datasource
[07.27 10:22:17] chrome.exe *64 - f-log-extension.grammarly.io:443 open through proxy proxy.cse.cuhk.edu.hk:5070 HTTPS
081111 092003 25315 INFO dfs.DataNode$PacketResponder: Received block blk_4774383661473695119 of size 67108864 from /10.251.110.68
20171224-0:9:34:440|Step_SPUtils|30002312|setTodayTotalDetailSteps=1514045280000##0##549659##8661##16256##34018758
2016-09-29 02:04:35, Info                  CBS    Session: 30546354_3311911611 initialized by client WindowsUpdateAgent.
nova-compute.log.1.2017-05-16_13:55:31 2017-05-16 00:13:55.325 2931 INFO nova.virt.libvirt.imagecache [req-addc1839-2ed5-4778-b57e-5854eb7b8b09 - - - - -] Active base files: /var/lib/nova/instances/_base/a489c868f0c37da93b76227c91bb03908ac0e742
081111 092023 25367 INFO dfs.DataNode$DataXceiver: Receiving block blk_465845235850106928 src: /10.251.70.112:39499 dest: /10.251.70.112:50010
2015-10-18 18:10:34,545 INFO [RMCommunicator Allocator] org.apache.hadoop.ipc.Client: Retrying connect to server: msra-sa-41:8030. Already tried 0 time(s); retry policy is RetryUpToMaximumCountWithFixedSleep(maxRetries=10, sleepTime=1000 MILLISECONDS)
081111 092213 25595 INFO dfs.DataNode$PacketResponder: PacketResponder 1 for block blk_8882415653769775762 terminating
[07.27 10:22:17] chrome.exe *64 - f-log-extension.grammarly.io:443 open through proxy proxy.cse.cuhk.edu.hk:5070 HTTPS
166452 Interconnect-0N03 switch_module error 1130779845 1 link errors remain current
Jul  7 20:34:14 calvisitor-10-105-160-85 locationd[82]: NETWORK: requery, 0, 0, 0, 0, 328, items, fQueryRetries, 0, fLastRetryTimestamp, 521177334.4
Jul 26 07:03:37 combo sshd(pam_unix)[28870]: authentication failure; logname= uid=0 euid=0 tty=NODEVssh ruser= rhost=207.243.167.114  user=root
Dec 10 11:04:08 LabSZ sshd[25487]: Failed password for root from 183.62.140.253 port 57916 ssh2
[Mon Dec 05 16:06:07 2005] [notice] jk2_init() Found child 6333 in scoreboard slot 8
[Mon Dec 05 16:06:21 2005] [notice] jk2_init() Found child 6335 in scoreboard slot 7
2015-07-29 19:34:15,209 - WARN  [SendWorker:188978561024:QuorumCnxManager$SendWorker@679] - Interrupted while waiting for message on queue
- 1131567266 2005.11.09 tbird-admin1 Nov 9 12:14:26 local@tbird-admin1 /apps/x86_64/system/ganglia-3.0.1/sbin/gmetad[1682]: data_thread() got not answer from any [Thunderbird_B1] datasource
Jul 26 07:03:45 combo sshd(pam_unix)[28872]: authentication failure; logname= uid=0 euid=0 tty=NODEVssh ruser= rhost=207.243.167.114  user=root
- 1133447777 2005.12.01 R16-M0-N4-C:J06-U11 2005-12-01-06.36.17.847421 R16-M0-N4-C:J06-U11 RAS KERNEL INFO 0 microseconds spent in the rbs signal handler during 0 calls. 0 microseconds was the maximum time for a single instance of a correctable ddr.
2015-07-29 19:34:15,295 - WARN  [RecvWorker:188978561024:QuorumCnxManager$RecvWorker@762] - Connection broken for id 188978561024, my id = 3, error = 
Dec 10 11:04:08 LabSZ sshd[25487]: Received disconnect from 183.62.140.253: 11: Bye Bye [preauth]
nova-api.log.1.2017-05-16_13:53:08 2017-05-16 00:13:55.874 25746 INFO nova.osapi_compute.wsgi.server [req-bd44e0ae-45e8-4721-93b0-d14563ca6caf 113d3a99c3da401fbd62cc2caa5b96d2 54fadb412c4e40cdbaed9335e4c35a9e - - -] 10.11.10.1 "GET /v2/54fadb412c4e40cdbaed9335e4c35a9e/servers/detail HTTP/1.1" status: 200 len: 1893 time: 0.2650018
20171224-0:9:34:446|Step_ExtSDM|30002312|calculateCaloriesWithCache totalCalories=0
Jul  7 20:39:28 calvisitor-10-105-160-85 com.apple.WebKit.Networking[9854]: NSURLSession/NSURLConnection HTTP load failed (kCFStreamErrorDomainSSL, -9806)
03-17 16:16:04.790  1702 17621 W ActivityManager: getTasks: caller 10111 does not hold REAL_GET_TASKS; limiting output
03-17 16:16:04.791  1702  3694 W ActivityManager: getTasks: caller 10111 does not hold REAL_GET_TASKS; limiting output
nova-api.log.1.2017-05-16_13:53:08 2017-05-16 00:13:56.142 25746 INFO nova.osapi_compute.wsgi.server [req-e965c8a8-1a85-4bb4-9103-fb8227b10886 113d3a99c3da401fbd62cc2caa5b96d2 54fadb412c4e40cdbaed9335e4c35a9e - - -] 10.11.10.1 "GET /v2/54fadb412c4e40cdbaed9335e4c35a9e/servers/detail HTTP/1.1" status: 200 len: 1893 time: 0.2633300
Jul 26 07:03:47 combo sshd(pam_unix)[28874]: authentication failure; logname= uid=0 euid=0 tty=NODEVssh ruser= rhost=207.243.167.114  user=root
03-17 16:16:04.808  1702 27365 I NotificationManager: onNotificationExpansionChanged called
2015-07-29 19:34:18,635 - INFO  [/10.10.34.13:3888:QuorumCnxManager$Listener@493] - Received connection request /10.10.34.12:49598
03-17 16:16:04.816  1702  8303 I WindowManager: Destroying surface Surface(name=com.tencent.mobileqq/com.tencent.mobileqq.activity.SplashActivity) called by com.android.server.wm.WindowStateAnimator.destroySurface:2060 com.android.server.wm.WindowStateAnimator.destroySurfaceLocked:913 com.android.server.wm.WindowState.destroyOrSaveSurface:2201 com.android.server.wm.AppWindowToken.destroySurfaces:374 com.android.server.wm.AppWindowToken.notifyAppStopped:400 com.android.server.wm.WindowManagerService.notifyAppStopped:4869 com.android.server.am.ActivityStack.activityStoppedLocked:1393 com.android.server.am.ActivityManagerService.activityStopped:7690 
- 1133447789 2005.12.01 R07-M1-N0-C:J07-U01 2005-12-01-06.36.29.326116 R07-M1-N0-C:J07-U01 RAS KERNEL INFO 0 microseconds spent in the rbs signal handler during 0 calls. 0 microseconds was the maximum time for a single instance of a correctable ddr.
Dec 10 11:04:08 LabSZ sshd[25490]: pam_unix(sshd:auth): authentication failure; logname= uid=0 euid=0 tty=ssh ruser= rhost=183.62.140.253  user=root
[Mon Dec 05 16:07:08 2005] [notice] jk2_init() Found child 6339 in scoreboard slot 8
165502 Interconnect-1T01 switch_module error 1130700556 1 link errors remain current
2015-10-18 18:10:34,545 ERROR [RMCommunicator Allocator] org.apache.hadoop.mapreduce.v2.app.rm.RMContainerAllocator: ERROR IN CONTACTING RM. 
nova-api.log.1.2017-05-16_13:53:08 2017-05-16 00:13:57.401 25746 INFO nova.osapi_compute.wsgi.server [req-402c6ee4-e191-4b57-9a7c-9063363b678e 113d3a99c3da401fbd62cc2caa5b96d2 54fadb412c4e40cdbaed9335e4c35a9e - - -] 10.11.10.1 "GET /v2/54fadb412c4e40cdbaed9335e4c35a9e/servers/detail HTTP/1.1" status: 200 len: 1893 time: 0.2529092
- 1131567267 2005.11.09 tbird-admin1 Nov 9 12:14:27 local@tbird-admin1 /apps/x86_64/system/ganglia-3.0.1/sbin/gmetad[1682]: data_thread() got not answer from any [Thunderbird_A2] datasource
2015-10-18 18:10:35,091 WARN [LeaseRenewer:msrabi@msra-sa-41:9000] org.apache.hadoop.ipc.Client: Address change detected. Old: msra-sa-41/10.190.173.170:9000 New: msra-sa-41:9000
081111 092239 25403 INFO dfs.DataNode$PacketResponder: PacketResponder 2 for block blk_4207359722112667226 terminating
Jul 26 07:03:55 combo sshd(pam_unix)[28876]: authentication failure; logname= uid=0 euid=0 tty=NODEVssh ruser= rhost=207.243.167.114  user=root
- 1133447940 2005.12.01 R36-M0-NB-C:J12-U01 2005-12-01-06.39.00.882940 R36-M0-NB-C:J12-U01 RAS KERNEL INFO 10655 total interrupts. 0 critical input interrupts. 0 microseconds total spent on critical input interrupts, 0 microseconds max time in a critical input interrupt.
081111 092311 35 INFO dfs.FSNamesystem: BLOCK* NameSystem.allocateBlock: /user/root/rand8/_temporary/_task_200811101024_0015_m_000882_0/part-00882. blk_-3152434225121092058
[Mon Dec 05 16:07:08 2005] [notice] jk2_init() Found child 6340 in scoreboard slot 6
20171224-0:9:34:446|Step_ExtSDM|30002312|calculateAltitudeWithCache totalAltitude=0
Jul  7 20:43:37 calvisitor-10-105-160-85 QuickLookSatellite[38624]: [QL] No sandbox token for request <QLThumbnailRequest vmware-usbarb-25037.log>, it will probably fail
2015-07-29 19:34:18,637 - WARN  [SendWorker:188978561024:QuorumCnxManager$SendWorker@679] - Interrupted while waiting for message on queue
2015-07-29 19:34:22,089 - WARN  [RecvWorker:188978561024:QuorumCnxManager$RecvWorker@762] - Connection broken for id 188978561024, my id = 3, error = 
2016-09-29 02:04:35, Info                  CBS    Read out cached package applicability for package: Package_for_KB2621440~31bf3856ad364e35~amd64~~6.1.1.5, ApplicableState: 112, CurrentState:112
081111 092425 25331 INFO dfs.DataNode$DataXceiver: Receiving block blk_4820650745157199554 src: /10.251.127.243:49726 dest: /10.251.127.243:50010
Jul 26 07:03:57 combo sshd(pam_unix)[28878]: authentication failure; logname= uid=0 euid=0 tty=NODEVssh ruser= rhost=207.243.167.114  user=root
Jul 26 07:04:02 combo sshd(pam_unix)[28880]: authentication failure; logname= uid=0 euid=0 tty=NODEVssh ruser= rhost=207.243.167.114  user=root
[Mon Dec 05 16:07:08 2005] [notice] jk2_init() Found child 6338 in scoreboard slot 7
Jul 26 07:04:05 combo sshd(pam_unix)[28882]: authentication failure; logname= uid=0 euid=0 tty=NODEVssh ruser= rhost=207.243.167.114  user=root
Jul 26 07:04:07 combo sshd(pam_unix)[28884]: authentication failure; logname= uid=0 euid=0 tty=NODEVssh ruser= rhost=207.243.167.114  user=root
Jul  7 20:44:13 calvisitor-10-105-160-85 GPUToolsAgent[38749]: schedule invalidation <DYTransport 0x7f89e8c00520, error: lost transport connection (31)>
03-17 16:16:04.850  2227  2227 I StackScrollAlgorithm: updateClipping isOverlap:false, getTopPadding=333.0, Translation=-429.0
081111 092436 29 INFO dfs.FSNamesystem: BLOCK* NameSystem.addStoredBlock: blockMap updated: 10.250.6.223:50010 is added to blk_-6390296685077811803 size 3546314
[07.27 10:22:18] chrome.exe *64 - d3cv4a9a9wh0bt.cloudfront.net:443 open through proxy proxy.cse.cuhk.edu.hk:5070 HTTPS
[Mon Dec 05 16:07:09 2005] [notice] workerEnv.init() ok /etc/httpd/conf/workers2.properties
[07.27 10:22:19] chrome.exe *64 - drive-thirdparty.googleusercontent.com:443 open through proxy proxy.cse.cuhk.edu.hk:5070 HTTPS
2015-10-18 18:10:35,091 WARN [LeaseRenewer:msrabi@msra-sa-41:9000] org.apache.hadoop.hdfs.LeaseRenewer: Failed to renew lease for [DFSClient_NONMAPREDUCE_1537864556_1] for 337 seconds.  Will retry shortly ...
- 1131567268 2005.11.09 tbird-admin1 Nov 9 12:14:28 local@tbird-admin1 /apps/x86_64/system/ganglia-3.0.1/sbin/gmetad[1682]: data_thread() got not answer from any [Thunderbird_A3] datasource
2016-09-29 02:04:35, Info                  CBS    Session: 30546354_3312101622 initialized by client WindowsUpdateAgent.
17/06/09 20:11:10 INFO executor.Executor: Finished task 33.0 in stage 28.0 (TID 1313). 2087 bytes result sent to driver
20171224-0:9:35:137|Step_LSC|30002312|onStandStepChanged 3786
2016-09-29 02:04:35, Info                  CBS    Read out cached package applicability for package: Package_for_KB3054476~31bf3856ad364e35~amd64~~6.1.1.0, ApplicableState: 112, CurrentState:112
2015-10-18 18:10:35,545 WARN [RMCommunicator Allocator] org.apache.hadoop.ipc.Client: Address change detected. Old: msra-sa-41/10.190.173.170:8030 New: msra-sa-41:8030
- 1131567268 2005.11.09 tbird-sm1 Nov 9 12:14:28 src@tbird-sm1 ib_sm.x[24904]: [ib_sm_sweep.c:1831]: ********************** NEW SWEEP ********************
03-17 16:16:04.850  2227  2227 I StackScrollAlgorithm: updateDimmedActivatedHideSensitive overlap:false
165392 Interconnect-1T01 switch_module error 1130688133 1 link errors remain current
[07.27 10:22:23] chrome.exe *64 - www.evernote.com:443 open through proxy proxy.cse.cuhk.edu.hk:5070 HTTPS
20171224-0:9:35:148|Step_LSC|30002312|onExtend:1514045375000 0 0 0
[07.27 10:22:27] chrome.exe *64 - drive.google.com:443 open through proxy proxy.cse.cuhk.edu.hk:5070 HTTPS
197294 Interconnect-0N01 switch_module error 1131268024 1 link errors remain current
03-17 16:16:04.858  1702  1736 W ActivityManager: getRunningAppProcesses: caller 10111 does not hold REAL_GET_TASKS; limiting output
Jul 26 07:04:12 combo sshd(pam_unix)[28886]: authentication failure; logname= uid=0 euid=0 tty=NODEVssh ruser= rhost=207.243.167.114  user=root
Jul  7 20:50:32 calvisitor-10-105-160-85 WindowServer[184]: send_datagram_available_ping: pid 445 failed to act on a ping it dequeued before timing out.
2016-09-29 02:04:35, Info                  CBS    Session: 30546354_3312401639 initialized by client WindowsUpdateAgent.
nova-api.log.1.2017-05-16_13:53:08 2017-05-16 00:13:57.673 25746 INFO nova.osapi_compute.wsgi.server [req-852aef96-b049-4e2e-8dc6-267474bbb155 113d3a99c3da401fbd62cc2caa5b96d2 54fadb412c4e40cdbaed9335e4c35a9e - - -] 10.11.10.1 "GET /v2/54fadb412c4e40cdbaed9335e4c35a9e/servers/detail HTTP/1.1" status: 200 len: 1893 time: 0.2669339
nova-api.log.1.2017-05-16_13:53:08 2017-05-16 00:13:57.731 25743 INFO nova.api.openstack.compute.server_external_events [req-2fd26d35-366a-4fea-9452-0e22e3ff995b f7b8d1f1d4d44643b07fa10ca7d021fb e9746973ac574c6b8a9e8857f56a7608 - - -] Creating event network-vif-plugged:b73a8d80-ce9e-49ff-bb0d-a1b8571f5e26 for instance c62f4f25-982c-4ea2-b5e4-93000edfcfbf
212267 Interconnect-1T01 switch_module error 1131857400 1 link errors remain current
nova-api.log.1.2017-05-16_13:53:08 2017-05-16 00:13:57.736 25743 INFO nova.osapi_compute.wsgi.server [req-2fd26d35-366a-4fea-9452-0e22e3ff995b f7b8d1f1d4d44643b07fa10ca7d021fb e9746973ac574c6b8a9e8857f56a7608 - - -] 10.11.10.1 "POST /v2/e9746973ac574c6b8a9e8857f56a7608/os-server-external-events HTTP/1.1" status: 200 len: 380 time: 0.0913880
2015-10-18 18:10:36,107 WARN [LeaseRenewer:msrabi@msra-sa-41:9000] org.apache.hadoop.ipc.Client: Address change detected. Old: msra-sa-41/10.190.173.170:9000 New: msra-sa-41:9000
2016-09-29 02:04:35, Info                  CBS    Read out cached package applicability for package: Package_for_KB3122648~31bf3856ad364e35~amd64~~6.1.1.0, ApplicableState: 112, CurrentState:112
2015-07-29 19:34:25,427 - WARN  [RecvWorker:188978561024:QuorumCnxManager$RecvWorker@762] - Connection broken for id 188978561024, my id = 3, error = 
081111 092617 19 INFO dfs.FSDataset: Deleting block blk_9173199815015538212 file /mnt/hadoop/dfs/data/current/subdir24/blk_9173199815015538212
[07.27 10:22:36] chrome.exe *64 - f-log-extension.grammarly.io:443 close, 643 bytes sent, 3276 bytes (3.19 KB) received, lifetime 00:19
[07.27 10:22:36] chrome.exe *64 - clients4.google.com:443 close, 733 bytes sent, 229 bytes received, lifetime 00:13
[Mon Dec 05 16:07:09 2005] [error] mod_jk child workerEnv in error state 7
nova-compute.log.1.2017-05-16_13:55:31 2017-05-16 00:13:57.747 2931 INFO nova.compute.manager [req-3ea4052c-895d-4b64-9e2d-04d64c4d94ab - - - - -] [instance: c62f4f25-982c-4ea2-b5e4-93000edfcfbf] VM Resumed (Lifecycle Event)
[07.27 10:22:36] chrome.exe *64 - www.zhihu.com:443 close, 568 bytes sent, 152 bytes received, lifetime 00:18
nova-compute.log.1.2017-05-16_13:55:31 2017-05-16 00:13:57.756 2931 INFO nova.virt.libvirt.driver [-] [instance: c62f4f25-982c-4ea2-b5e4-93000edfcfbf] Instance spawned successfully.
2016-09-29 02:04:35, Info                  CBS    Session: 30546354_3312641653 initialized by client WindowsUpdateAgent.
Jul 27 04:16:07 combo su(pam_unix)[30999]: session opened for user cyrus by (uid=0)
03-17 16:16:04.949  2227  2227 I StackScrollAlgorithm: updateClipping isOverlap:false, getTopPadding=333.0, Translation=-497.0
[07.27 10:22:36] chrome.exe *64 - zhstatic.zhihu.com:443 close, 332 bytes sent, 3763 bytes (3.67 KB) received, lifetime 00:18
Jul 27 04:16:08 combo su(pam_unix)[30999]: session closed for user cyrus
- 1131567270 2005.11.09 cn518 Nov 9 12:14:30 cn518/cn518 ntpd[15606]: synchronized to 10.100.20.250, stratum 3
03-17 16:16:04.950  2227  2227 I StackScrollAlgorithm: updateDimmedActivatedHideSensitive overlap:false
2015-07-29 19:34:28,568 - WARN  [RecvWorker:188978561024:QuorumCnxManager$RecvWorker@762] - Connection broken for id 188978561024, my id = 3, error = 
[Mon Dec 05 16:07:09 2005] [notice] workerEnv.init() ok /etc/httpd/conf/workers2.properties
03-17 16:16:05.061  1702  3697 W ActivityManager: getTasks: caller 10111 does not hold REAL_GET_TASKS; limiting output
- 1133447941 2005.12.01 R13-M0-NA-C:J08-U01 2005-12-01-06.39.01.729708 R13-M0-NA-C:J08-U01 RAS KERNEL INFO 10650 total interrupts. 0 critical input interrupts. 0 microseconds total spent on critical input interrupts, 0 microseconds max time in a critical input interrupt.
Jul 27 04:16:09 combo logrotate: ALERT exited abnormally with [1]
20171224-0:9:35:440|Step_SPUtils|30002312| getTodayTotalDetailSteps = 1514045280000##0##549659##8661##16256##34018758
2015-07-29 19:34:28,569 - WARN  [SendWorker:188978561024:QuorumCnxManager$SendWorker@688] - Send worker leaving thread
Jul  7 20:51:27 calvisitor-10-105-160-85 Safari[9852]: KeychainGetICDPStatus: keychain: -25300
[07.27 10:22:39] chrome.exe *64 - www.baidu.com:80 open through proxy proxy.cse.cuhk.edu.hk:5070 HTTPS
20171224-0:9:35:441|Step_SPUtils|30002312|setTodayTotalDetailSteps=1514045280000##0##549659##8661##16256##34019759
2015-07-29 19:34:28,761 - WARN  [RecvWorker:188978561024:QuorumCnxManager$RecvWorker@765] - Interrupting SendWorker
17/06/09 20:11:10 INFO executor.CoarseGrainedExecutorBackend: Got assigned task 1317
nova-compute.log.1.2017-05-16_13:55:31 2017-05-16 00:13:57.757 2931 INFO nova.compute.manager [req-6f9ecdfe-481c-4535-9bdc-45d86085d739 113d3a99c3da401fbd62cc2caa5b96d2 54fadb412c4e40cdbaed9335e4c35a9e - - -] [instance: c62f4f25-982c-4ea2-b5e4-93000edfcfbf] Took 20.03 seconds to spawn the instance on the hypervisor.
17/06/09 20:11:10 INFO executor.Executor: Running task 37.0 in stage 28.0 (TID 1317)
2016-09-29 02:04:35, Info                  CBS    Read out cached package applicability for package: Package_for_KB3042553~31bf3856ad364e35~amd64~~6.1.1.1, ApplicableState: 112, CurrentState:112
2015-10-18 18:10:36,107 WARN [LeaseRenewer:msrabi@msra-sa-41:9000] org.apache.hadoop.hdfs.LeaseRenewer: Failed to renew lease for [DFSClient_NONMAPREDUCE_1537864556_1] for 338 seconds.  Will retry shortly ...
2015-07-29 19:34:31,903 - INFO  [/10.10.34.13:3888:QuorumCnxManager$Listener@493] - Received connection request /10.10.34.11:49480
2016-09-29 02:04:35, Info                  CBS    Session: 30546354_3313121680 initialized by client WindowsUpdateAgent.
2016-09-29 02:04:35, Info                  CBS    Read out cached package applicability for package: Package_for_KB2732487~31bf3856ad364e35~amd64~~6.1.2.0, ApplicableState: 112, CurrentState:112
Jul 27 04:21:39 combo su(pam_unix)[31373]: session opened for user news by (uid=0)
- 1133447958 2005.12.01 R13-M1-N9-C:J02-U11 2005-12-01-06.39.18.093254 R13-M1-N9-C:J02-U11 RAS KERNEL INFO 0 microseconds spent in the rbs signal handler during 0 calls. 0 microseconds was the maximum time for a single instance of a correctable ddr.
2016-09-29 02:04:35, Info                  CBS    Session: 30546354_3313241687 initialized by client WindowsUpdateAgent.
[07.27 10:22:39] chrome.exe *64 - s1.bdstatic.com:80 open through proxy proxy.cse.cuhk.edu.hk:5070 HTTPS
2016-09-29 02:04:35, Info                  CBS    Read out cached package applicability for package: Package_for_KB3005607~31bf3856ad364e35~amd64~~6.1.1.0, ApplicableState: 80, CurrentState:112
203897 Interconnect-0N01 switch_module error 1131386680 1 link errors remain current
nova-compute.log.1.2017-05-16_13:55:31 2017-05-16 00:13:57.863 2931 INFO nova.compute.manager [req-3ea4052c-895d-4b64-9e2d-04d64c4d94ab - - - - -] [instance: c62f4f25-982c-4ea2-b5e4-93000edfcfbf] During sync_power_state the instance has a pending task (spawning). Skip.
17/06/09 20:11:10 INFO python.PythonRunner: Times: total = 40, boot = 14, init = 25, finish = 1
- 1133447964 2005.12.01 R34-M0-N8-C:J06-U11 2005-12-01-06.39.24.979006 R34-M0-N8-C:J06-U11 RAS KERNEL INFO 10686 total interrupts. 0 critical input interrupts. 0 microseconds total spent on critical input interrupts, 0 microseconds max time in a critical input interrupt.
203650 Interconnect-0N01 switch_module error 1131341748 1 link errors remain current
Jul 27 04:21:40 combo su(pam_unix)[31373]: session closed for user news
Dec 10 11:04:10 LabSZ sshd[25484]: Failed password for invalid user admin from 103.99.0.122 port 64031 ssh2
nova-compute.log.1.2017-05-16_13:55:31 2017-05-16 00:13:57.865 2931 INFO nova.compute.manager [req-3ea4052c-895d-4b64-9e2d-04d64c4d94ab - - - - -] [instance: c62f4f25-982c-4ea2-b5e4-93000edfcfbf] VM Resumed (Lifecycle Event)
2015-07-29 19:34:31,906 - WARN  [RecvWorker:188978561024:QuorumCnxManager$RecvWorker@762] - Connection broken for id 188978561024, my id = 3, error = 
081111 092649 28 INFO dfs.FSNamesystem: BLOCK* NameSystem.allocateBlock: /user/root/rand8/_temporary/_task_200811101024_0015_m_001033_0/part-01033. blk_-8948316319329891645
081111 092720 27 INFO dfs.FSNamesystem: BLOCK* NameSystem.addStoredBlock: blockMap updated: 10.251.42.207:50010 is added to blk_-6314365697827006048 size 67108864
03-17 16:16:05.065  1702  2633 W ActivityManager: getTasks: caller 10111 does not hold REAL_GET_TASKS; limiting output
203182 Interconnect-1T01 switch_module error 1131293685 1 link errors remain current
2015-07-29 19:34:31,913 - WARN  [SendWorker:188978561024:QuorumCnxManager$SendWorker@688] - Send worker leaving thread
[07.27 10:22:39] chrome.exe *64 - t12.baidu.com:80 open through proxy proxy.cse.cuhk.edu.hk:5070 HTTPS
[Mon Dec 05 16:07:09 2005] [error] mod_jk child workerEnv in error state 6
- 1133448039 2005.12.01 R55-M1-N5-C:J04-U01 2005-12-01-06.40.39.460137 R55-M1-N5-C:J04-U01 RAS KERNEL INFO 0 microseconds spent in the rbs signal handler during 0 calls. 0 microseconds was the maximum time for a single instance of a correctable ddr.
- 1133448052 2005.12.01 R33-M1-N7-C:J12-U01 2005-12-01-06.40.52.287178 R33-M1-N7-C:J12-U01 RAS KERNEL INFO 10674 total interrupts. 0 critical input interrupts. 0 microseconds total spent on critical input interrupts, 0 microseconds max time in a critical input interrupt.
- 1131567271 2005.11.09 tbird-admin1 Nov 9 12:14:31 local@tbird-admin1 /apps/x86_64/system/ganglia-3.0.1/sbin/gmetad[1682]: data_thread() got not answer from any [Thunderbird_B6] datasource
Dec 10 11:04:10 LabSZ sshd[25484]: error: Received disconnect from 103.99.0.122: 14: No more user authentication methods available. [preauth]
[07.27 10:22:39] chrome.exe *64 - t12.baidu.com:80 open through proxy proxy.cse.cuhk.edu.hk:5070 HTTPS
- 1131567271 2005.11.09 tbird-admin1 Nov 9 12:14:31 local@tbird-admin1 /apps/x86_64/system/ganglia-3.0.1/sbin/gmetad[1682]: data_thread() got not answer from any [Thunderbird_D7] datasource
Dec 10 11:04:11 LabSZ sshd[25490]: Failed password for root from 183.62.140.253 port 58365 ssh2
2015-07-29 19:34:32,107 - INFO  [/10.10.34.13:3888:QuorumCnxManager$Listener@493] - Received connection request /10.10.34.13:46922
nova-compute.log.1.2017-05-16_13:55:31 2017-05-16 00:13:57.894 2931 INFO nova.compute.manager [req-6f9ecdfe-481c-4535-9bdc-45d86085d739 113d3a99c3da401fbd62cc2caa5b96d2 54fadb412c4e40cdbaed9335e4c35a9e - - -] [instance: c62f4f25-982c-4ea2-b5e4-93000edfcfbf] Took 20.79 seconds to build instance.
2016-09-29 02:04:35, Info                  CBS    Session: 30546354_3313271689 initialized by client WindowsUpdateAgent.
20171224-0:9:35:448|Step_ExtSDM|30002312|calculateCaloriesWithCache totalCalories=0
[Mon Dec 05 16:07:09 2005] [notice] workerEnv.init() ok /etc/httpd/conf/workers2.properties
- 1133448053 2005.12.01 R37-M0-N3-C:J11-U11 2005-12-01-06.40.53.513066 R37-M0-N3-C:J11-U11 RAS KERNEL INFO 10722 total interrupts. 0 critical input interrupts. 0 microseconds total spent on critical input interrupts, 0 microseconds max time in a critical input interrupt.
Jul 27 10:59:53 combo ftpd[31985]: connection from 218.38.58.3 () at Wed Jul 27 10:59:53 2005 
17/06/09 20:11:10 INFO storage.BlockManager: Found block rdd_42_36 locally
2016-09-29 02:04:35, Info                  CBS    Session: 30546354_3315431812 initialized by client WindowsUpdateAgent.
Jul  7 20:52:49 calvisitor-10-105-160-85 com.apple.CDScheduler[258]: Thermal pressure state: 0 Memory pressure state: 0
081111 092751 28 INFO dfs.FSNamesystem: BLOCK* NameSystem.allocateBlock: /user/root/rand8/_temporary/_task_200811101024_0015_m_000939_0/part-00939. blk_-3522956055443924791
20171224-0:9:35:448|Step_ExtSDM|30002312|calculateAltitudeWithCache totalAltitude=0
- 1131567272 2005.11.09 dn585 Nov 9 12:14:32 dn585/dn585 ntpd[32219]: synchronized to 10.100.26.250, stratum 3
Jul  7 20:57:37 calvisitor-10-105-160-85 Safari[9852]: KeychainGetICDPStatus: status: off
[Mon Dec 05 16:07:09 2005] [error] mod_jk child workerEnv in error state 7
03-17 16:16:05.070  1702 14638 W ActivityManager: getTasks: caller 10111 does not hold REAL_GET_TASKS; limiting output
2015-07-29 19:34:35,337 - WARN  [SendWorker:188978561024:QuorumCnxManager$SendWorker@679] - Interrupted while waiting for message on queue
081111 092821 25409 INFO dfs.DataNode$PacketResponder: PacketResponder 2 for block blk_5454423648092670683 terminating
20171224-0:10:0:183|Step_LSC|30002312|processHandleBroadcastAction action:android.intent.action.TIME_TICK
- 1133448074 2005.12.01 R56-M0-NA-C:J12-U11 2005-12-01-06.41.14.286536 R56-M0-NA-C:J12-U11 RAS KERNEL INFO 0 microseconds spent in the rbs signal handler during 0 calls. 0 microseconds was the maximum time for a single instance of a correctable ddr.
03-17 16:16:05.076  1702  2113 W ActivityManager: getTasks: caller 10111 does not hold REAL_GET_TASKS; limiting output
nova-api.log.1.2017-05-16_13:53:08 2017-05-16 00:13:58.954 25746 INFO nova.osapi_compute.wsgi.server [req-c4fe12ee-96d2-455a-bd90-4456a7878d04 113d3a99c3da401fbd62cc2caa5b96d2 54fadb412c4e40cdbaed9335e4c35a9e - - -] 10.11.10.1 "GET /v2/54fadb412c4e40cdbaed9335e4c35a9e/servers/detail HTTP/1.1" status: 200 len: 1910 time: 0.2752299
- 1133448080 2005.12.01 R56-M0-N1-C:J05-U11 2005-12-01-06.41.20.180521 R56-M0-N1-C:J05-U11 RAS KERNEL INFO 10730 total interrupts. 0 critical input interrupts. 0 microseconds total spent on critical input interrupts, 0 microseconds max time in a critical input interrupt.
- 1133448086 2005.12.01 R37-M1-NE-C:J04-U11 2005-12-01-06.41.26.523789 R37-M1-NE-C:J04-U11 RAS KERNEL INFO 10686 total interrupts. 0 critical input interrupts. 0 microseconds total spent on critical input interrupts, 0 microseconds max time in a critical input interrupt.
Jul  7 21:01:22 calvisitor-10-105-160-85 quicklookd[38603]: Error returned from iconservicesagent: (null)
[07.27 10:22:45] chrome.exe *64 - www.baidu.com:80 close, 0 bytes sent, 0 bytes received, lifetime 00:06
20171224-0:10:9:136|Step_LSC|30002312|onStandStepChanged 3786
Jul 27 14:41:57 combo syslogd 1.4.1: restart.
227118 Interconnect-1N00 switch_module error 1132212763 1 link errors remain current
17/06/09 20:11:10 INFO executor.CoarseGrainedExecutorBackend: Got assigned task 1318
Jul 27 14:41:57 combo syslog: syslogd startup succeeded
Jul  7 21:08:26 calvisitor-10-105-160-85 WeChat[24144]: jemmytest
Jul  7 21:12:46 calvisitor-10-105-160-85 Safari[9852]: KeychainGetICDPStatus: keychain: -25300
[Mon Dec 05 16:10:43 2005] [notice] jk2_init() Found child 6351 in scoreboard slot 8
- 1131567272 2005.11.09 tbird-sm1 Nov 9 12:14:32 src@tbird-sm1 ib_sm.x[24904]: [ib_sm_sweep.c:1455]: No topology change
20171224-0:10:9:143|Step_LSC|30002312|onExtend:1514045409000 0 0 5
- 1133448090 2005.12.01 R50-M0-N9-C:J11-U01 2005-12-01-06.41.30.114225 R50-M0-N9-C:J11-U01 RAS KERNEL INFO 10692 total interrupts. 0 critical input interrupts. 0 microseconds total spent on critical input interrupts, 0 microseconds max time in a critical input interrupt.
2016-09-29 02:04:35, Info                  CBS    Read out cached package applicability for package: Package_for_KB3184143~31bf3856ad364e35~amd64~~6.1.1.4, ApplicableState: 112, CurrentState:112
- 1131567272 2005.11.09 tbird-sm1 Nov 9 12:14:32 src@tbird-sm1 ib_sm.x[24904]: [ib_sm_sweep.c:1482]: No configuration change required
[07.27 10:22:55] chrome.exe *64 - suggestion.baidu.com:80 open through proxy proxy.cse.cuhk.edu.hk:5070 HTTPS
2016-09-29 02:04:36, Info                  CBS    Session: 30546354_3319352037 initialized by client WindowsUpdateAgent.
nova-api.log.1.2017-05-16_13:53:08 2017-05-16 00:13:59.219 25746 INFO nova.osapi_compute.wsgi.server [req-3029fcaa-2872-4bc1-be4d-59de67fbabe1 113d3a99c3da401fbd62cc2caa5b96d2 54fadb412c4e40cdbaed9335e4c35a9e - - -] 10.11.10.1 "GET /v2/54fadb412c4e40cdbaed9335e4c35a9e/servers/detail HTTP/1.1" status: 200 len: 1910 time: 0.2587130
nova-compute.log.1.2017-05-16_13:55:31 2017-05-16 00:14:00.166 2931 INFO nova.virt.libvirt.imagecache [req-addc1839-2ed5-4778-b57e-5854eb7b8b09 - - - - -] image 0673dd71-34c5-4fbb-86c4-40623fbe45b4 at (/var/lib/nova/instances/_base/a489c868f0c37da93b76227c91bb03908ac0e742): checking
17/06/09 20:11:10 INFO executor.Executor: Finished task 34.0 in stage 28.0 (TID 1314). 2087 bytes result sent to driver
Dec 10 11:04:11 LabSZ sshd[25490]: Received disconnect from 183.62.140.253: 11: Bye Bye [preauth]
[07.27 10:22:55] chrome.exe *64 - b1.bdstatic.com:80 close, 0 bytes sent, 0 bytes received, lifetime 00:14
nova-compute.log.1.2017-05-16_13:55:31 2017-05-16 00:14:00.167 2931 INFO nova.virt.libvirt.imagecache [req-addc1839-2ed5-4778-b57e-5854eb7b8b09 - - - - -] image 0673dd71-34c5-4fbb-86c4-40623fbe45b4 at (/var/lib/nova/instances/_base/a489c868f0c37da93b76227c91bb03908ac0e742): in use: on this node 1 local, 0 on other nodes sharing this instance storage
Dec 10 11:04:11 LabSZ sshd[25494]: pam_unix(sshd:auth): authentication failure; logname= uid=0 euid=0 tty=ssh ruser= rhost=183.62.140.253  user=root
- 1131567273 2005.11.09 tbird-admin1 Nov 9 12:14:33 local@tbird-admin1 /apps/x86_64/system/ganglia-3.0.1/sbin/gmetad[1682]: data_thread() got not answer from any [Thunderbird_A1] datasource
2015-10-18 18:10:36,545 INFO [RMCommunicator Allocator] org.apache.hadoop.ipc.Client: Retrying connect to server: msra-sa-41:8030. Already tried 0 time(s); retry policy is RetryUpToMaximumCountWithFixedSleep(maxRetries=10, sleepTime=1000 MILLISECONDS)
Dec 10 11:04:12 LabSZ sshd[25492]: Invalid user ubnt from 103.99.0.122
20171224-0:10:9:438|Step_SPUtils|30002312| getTodayTotalDetailSteps = 1514045280000##0##549659##8661##16256##34019759
2016-09-29 02:04:36, Info                  CBS    Read out cached package applicability for package: Package_for_KB2992611~31bf3856ad364e35~amd64~~6.1.1.0, ApplicableState: 112, CurrentState:112
229109 Interconnect-1N00 switch_module error 1132369090 1 link errors remain current
236414 Interconnect-1T01 switch_module error 1132422989 1 link errors remain current
nova-compute.log.1.2017-05-16_13:55:31 2017-05-16 00:14:00.340 2931 INFO nova.virt.libvirt.imagecache [req-addc1839-2ed5-4778-b57e-5854eb7b8b09 - - - - -] Active base files: /var/lib/nova/instances/_base/a489c868f0c37da93b76227c91bb03908ac0e742
20171224-0:10:9:438|Step_SPUtils|30002312|setTodayTotalDetailSteps=1514045340000##0##549659##8661##16256##34053757
Jul 27 14:41:57 combo kernel: klogd 1.4.1, log source = /proc/kmsg started.
nova-api.log.1.2017-05-16_13:53:08 2017-05-16 00:14:04.129 25797 INFO nova.metadata.wsgi.server [req-3d4a0060-5493-49ef-bcfe-3661c420a8dc - - - - -] 10.11.21.142,10.11.10.1 "GET /openstack/2012-08-10/meta_data.json HTTP/1.1" status: 200 len: 264 time: 0.2294021
2015-07-29 19:34:38,586 - WARN  [RecvWorker:188978561024:QuorumCnxManager$RecvWorker@762] - Connection broken for id 188978561024, my id = 3, error = 
nova-api.log.1.2017-05-16_13:53:08 2017-05-16 00:14:04.140 25797 INFO nova.metadata.wsgi.server [-] 10.11.21.142,10.11.10.1 "GET /openstack/2013-10-17 HTTP/1.1" status: 200 len: 157 time: 0.0008900
081111 092915 25283 INFO dfs.DataNode$PacketResponder: PacketResponder 1 for block blk_4565822428702518889 terminating
236835 Interconnect-1T01 switch_module error 1132474878 1 link errors remain current
[Mon Dec 05 16:10:43 2005] [notice] jk2_init() Found child 6350 in scoreboard slot 7
Jul 27 14:41:57 combo kernel: Linux version 2.6.5-1.358 (bhcompile@bugs.build.redhat.com) (gcc version 3.3.3 20040412 (Red Hat Linux 3.3.3-7)) #1 Sat May 8 09:04:50 EDT 2004
[07.27 10:22:55] chrome.exe *64 - xueshu.baidu.com:80 open through proxy proxy.cse.cuhk.edu.hk:5070 HTTPS
2015-10-18 18:10:36,545 ERROR [RMCommunicator Allocator] org.apache.hadoop.mapreduce.v2.app.rm.RMContainerAllocator: ERROR IN CONTACTING RM. 
2016-09-29 02:04:36, Info                  CBS    Session: 30546354_3321642168 initialized by client WindowsUpdateAgent.
03-17 16:16:05.079  1702 27365 W ActivityManager: getTasks: caller 10111 does not hold REAL_GET_TASKS; limiting output
244496 Interconnect-1T01 switch_module error 1133000231 1 link errors remain current
2016-09-29 02:04:36, Info                  CBS    Read out cached package applicability for package: Package_for_KB2727528~31bf3856ad364e35~amd64~~6.1.1.1, ApplicableState: 112, CurrentState:112
Jul  7 21:18:04 calvisitor-10-105-160-85 com.apple.xpc.launchd[1] (com.apple.xpc.launchd.domain.pid.WebContent.38838): Path not allowed in target domain: type = pid, path = /System/Library/StagedFrameworks/Safari/SafariShared.framework/Versions/A/XPCServices/com.apple.Safari.SocialHelper.xpc/Contents/MacOS/com.apple.Safari.SocialHelper error = 147: The specified service did not ship in the requestor's bundle, origin = /System/Library/StagedFrameworks/Safari/WebKit.framework/Versions/A/XPCServices/com.apple.WebKit.WebContent.xpc
Dec 10 11:04:12 LabSZ sshd[25492]: input_userauth_request: invalid user ubnt [preauth]
Jul  7 21:22:43 calvisitor-10-105-160-85 com.apple.WebKit.WebContent[38826]: [21:22:43.147] mv_LowLevelCheckIfVideoPlayableUsingDecoder signalled err=-12956 (kFigMediaValidatorError_VideoCodecNotSupported) (video codec 1) at  line 1921
- 1131567273 2005.11.09 tbird-admin1 Nov 9 12:14:33 local@tbird-admin1 /apps/x86_64/system/ganglia-3.0.1/sbin/gmetad[1682]: data_thread() got not answer from any [Thunderbird_B2] datasource
20171224-0:10:9:443|Step_ExtSDM|30002312|calculateCaloriesWithCache totalCalories=0
20171224-0:10:9:443|Step_ExtSDM|30002312|calculateAltitudeWithCache totalAltitude=0
Jul 27 14:41:57 combo kernel: BIOS-provided physical RAM map:
- 1131567274 2005.11.09 tbird-admin1 Nov 9 12:14:34 local@tbird-admin1 /apps/x86_64/system/ganglia-3.0.1/sbin/gmetad[1682]: data_thread() got not answer from any [Thunderbird_A7] datasource
nova-api.log.1.2017-05-16_13:53:08 2017-05-16 00:14:04.450 25775 INFO nova.metadata.wsgi.server [req-b54879c8-254d-412e-a06b-81ee08235d46 - - - - -] 10.11.21.142,10.11.10.1 "GET /openstack/2013-10-17/vendor_data.json HTTP/1.1" status: 200 len: 124 time: 0.2247450
20171224-0:10:10:137|Step_LSC|30002312|onStandStepChanged 3786
2015-10-18 18:10:37,107 WARN [LeaseRenewer:msrabi@msra-sa-41:9000] org.apache.hadoop.ipc.Client: Address change detected. Old: msra-sa-41/10.190.173.170:9000 New: msra-sa-41:9000
- 1133448110 2005.12.01 R56-M0-N9-C:J08-U01 2005-12-01-06.41.50.888337 R56-M0-N9-C:J08-U01 RAS KERNEL INFO 10660 total interrupts. 0 critical input interrupts. 0 microseconds total spent on critical input interrupts, 0 microseconds max time in a critical input interrupt.
- 1131567274 2005.11.09 tbird-admin1 Nov 9 12:14:34 local@tbird-admin1 /apps/x86_64/system/ganglia-3.0.1/sbin/gmetad[1682]: data_thread() got not answer from any [Thunderbird_C1] datasource
Jul 27 14:41:57 combo kernel:  BIOS-e820: 0000000000000000 - 00000000000a0000 (usable)
2015-10-18 18:10:37,107 WARN [LeaseRenewer:msrabi@msra-sa-41:9000] org.apache.hadoop.hdfs.LeaseRenewer: Failed to renew lease for [DFSClient_NONMAPREDUCE_1537864556_1] for 339 seconds.  Will retry shortly ...
- 1131567275 2005.11.09 tbird-admin1 Nov 9 12:14:35 local@tbird-admin1 /apps/x86_64/system/ganglia-3.0.1/sbin/gmetad[1682]: data_thread() got not answer from any [Thunderbird_A8] datasource
Jul 27 14:41:57 combo kernel:  BIOS-e820: 00000000000f0000 - 0000000000100000 (reserved)
2015-07-29 19:34:38,676 - INFO  [/10.10.34.13:3888:QuorumCnxManager$Listener@493] - Received connection request /10.10.34.12:49670
2016-09-29 02:04:36, Info                  CBS    Session: 30546354_3321782176 initialized by client WindowsUpdateAgent.
03-17 16:16:05.443  1702  2556 W ActivityManager: getRunningAppProcesses: caller 10113 does not hold REAL_GET_TASKS; limiting output
2015-07-29 19:34:38,787 - WARN  [RecvWorker:188978561024:QuorumCnxManager$RecvWorker@762] - Connection broken for id 188978561024, my id = 3, error = 
- 1133448160 2005.12.01 R37-M1-N0-C:J16-U11 2005-12-01-06.42.40.072946 R37-M1-N0-C:J16-U11 RAS KERNEL INFO 10752 total interrupts. 0 critical input interrupts. 0 microseconds total spent on critical input interrupts, 0 microseconds max time in a critical input interrupt.
Jul 27 14:41:57 combo kernel:  BIOS-e820: 0000000000100000 - 0000000007eae000 (usable)
Dec 10 11:04:12 LabSZ sshd[25492]: pam_unix(sshd:auth): check pass; user unknown
081111 093026 34 INFO dfs.FSNamesystem: BLOCK* NameSystem.addStoredBlock: blockMap updated: 10.251.29.239:50010 is added to blk_-409558225151784282 size 67108864
081111 093208 25332 INFO dfs.DataNode$PacketResponder: PacketResponder 1 for block blk_-3967261531426400230 terminating
20171224-0:10:10:148|Step_LSC|30002312|onExtend:1514045410000 0 0 0
nova-api.log.1.2017-05-16_13:53:08 2017-05-16 00:14:04.689 25790 INFO nova.metadata.wsgi.server [req-5fc6b2b8-6fb2-4c4d-8b8a-310372462c25 - - - - -] 10.11.21.142,10.11.10.1 "GET /openstack/2013-10-17/vendor_data.json HTTP/1.1" status: 200 len: 124 time: 0.2241619
244394 Interconnect-1T01 switch_module error 1132933346 1 link errors remain current
Jul 27 14:41:57 combo kernel:  BIOS-e820: 0000000007eae000 - 0000000008000000 (reserved)
17/06/09 20:11:10 INFO executor.Executor: Running task 38.0 in stage 28.0 (TID 1318)
[07.27 10:22:56] chrome.exe *64 - imgsrc.baidu.com:80 close, 867 bytes sent, 23546 bytes (22.9 KB) received, lifetime 00:10
2016-09-29 02:04:36, Info                  CBS    Read out cached package applicability for package: Package_for_KB2506014~31bf3856ad364e35~amd64~~6.1.1.0, ApplicableState: 112, CurrentState:112
2015-07-29 19:34:41,927 - WARN  [RecvWorker:188978561024:QuorumCnxManager$RecvWorker@762] - Connection broken for id 188978561024, my id = 3, error = 
Jul 27 14:41:57 combo kernel:  BIOS-e820: 00000000ffb00000 - 0000000100000000 (reserved)
262885 Interconnect-1T01 switch_module error 1133518990 1 link errors remain current
Jul 27 14:41:57 combo kernel: 0MB HIGHMEM available.
- 1131567275 2005.11.09 tbird-admin1 Nov 9 12:14:35 local@tbird-admin1 /apps/x86_64/system/ganglia-3.0.1/sbin/gmetad[1682]: data_thread() got not answer from any [Thunderbird_B8] datasource
Jul  7 21:23:10 calvisitor-10-105-160-85 com.apple.WebKit.WebContent[38826]: <<<< MediaValidator >>>> mv_LookupCodecSupport: Unrecognized codec 1
2015-10-18 18:10:37,545 WARN [RMCommunicator Allocator] org.apache.hadoop.ipc.Client: Address change detected. Old: msra-sa-41/10.190.173.170:8030 New: msra-sa-41:8030
Jul 27 14:41:57 combo kernel: 126MB LOWMEM available.
- 1133448166 2005.12.01 R32-M0-N4-C:J17-U11 2005-12-01-06.42.46.338885 R32-M0-N4-C:J17-U11 RAS KERNEL INFO 10732 total interrupts. 0 critical input interrupts. 0 microseconds total spent on critical input interrupts, 0 microseconds max time in a critical input interrupt.
2016-09-29 02:04:36, Info                  CBS    Session: 30546354_3327172484 initialized by client WindowsUpdateAgent.
Jul  7 21:23:11 calvisitor-10-105-160-85 com.apple.WebKit.WebContent[38826]: <<<< MediaValidator >>>> mv_ValidateRFC4281CodecId: Unrecognized codec 1.(null). Failed codec specific check.
2015-07-29 19:34:41,929 - WARN  [RecvWorker:188978561024:QuorumCnxManager$RecvWorker@765] - Interrupting SendWorker
03-17 16:16:05.512  1702  2096 I AlarmManager: sending alarm Alarm{2741459 type 3 when 509267844 PendingIntent{f75f81e: PendingIntentRecord{e204f60 com.android.phone broadcastIntent}}},repeatInterval = 0,listenerTag =null
Jul 27 14:41:57 combo kernel: zapping low mappings.
[Mon Dec 05 16:10:44 2005] [notice] workerEnv.init() ok /etc/httpd/conf/workers2.properties
Dec 10 11:04:12 LabSZ sshd[25492]: pam_unix(sshd:auth): authentication failure; logname= uid=0 euid=0 tty=ssh ruser= rhost=103.99.0.122 
2015-10-18 18:10:38,107 WARN [LeaseRenewer:msrabi@msra-sa-41:9000] org.apache.hadoop.ipc.Client: Address change detected. Old: msra-sa-41/10.190.173.170:9000 New: msra-sa-41:9000
2015-07-29 19:34:41,936 - WARN  [RecvWorker:188978561024:QuorumCnxManager$RecvWorker@765] - Interrupting SendWorker
2015-10-18 18:10:38,107 WARN [LeaseRenewer:msrabi@msra-sa-41:9000] org.apache.hadoop.hdfs.LeaseRenewer: Failed to renew lease for [DFSClient_NONMAPREDUCE_1537864556_1] for 340 seconds.  Will retry shortly ...
261997 Interconnect-1T01 switch_module error 1133387468 1 link errors remain current
280293 Interconnect-1T01 switch_module error 1134279282 1 link errors remain current
Dec 10 11:04:13 LabSZ sshd[25494]: Failed password for root from 183.62.140.253 port 58869 ssh2
- 1131567275 2005.11.09 tbird-admin1 Nov 9 12:14:35 local@tbird-admin1 /apps/x86_64/system/ganglia-3.0.1/sbin/gmetad[1682]: data_thread() got not answer from any [Thunderbird_D5] datasource
2016-09-29 02:04:36, Info                  CBS    Read out cached package applicability for package: Package_for_KB2868116~31bf3856ad364e35~amd64~~6.1.1.1, ApplicableState: 112, CurrentState:112
Dec 10 11:04:13 LabSZ sshd[25494]: Received disconnect from 183.62.140.253: 11: Bye Bye [preauth]
Jul  7 21:24:19 calvisitor-10-105-160-85 WindowServer[184]: CoreAnimation: timed out fence 5fe83
[Mon Dec 05 16:10:44 2005] [error] mod_jk child workerEnv in error state 6
Dec 10 11:04:13 LabSZ sshd[25497]: pam_unix(sshd:auth): authentication failure; logname= uid=0 euid=0 tty=ssh ruser= rhost=183.62.140.253  user=root
Jul  7 21:26:38 calvisitor-10-105-160-85 Safari[9852]: KeychainGetICDPStatus: keychain: -25300
17/06/09 20:11:10 INFO storage.BlockManager: Found block rdd_42_37 locally
20171224-0:10:10:439|Step_SPUtils|30002312| getTodayTotalDetailSteps = 1514045340000##0##549659##8661##16256##34053757
Dec 10 11:04:14 LabSZ sshd[25492]: Failed password for invalid user ubnt from 103.99.0.122 port 64908 ssh2
2015-10-18 18:10:38,545 INFO [RMCommunicator Allocator] org.apache.hadoop.ipc.Client: Retrying connect to server: msra-sa-41:8030. Already tried 0 time(s); retry policy is RetryUpToMaximumCountWithFixedSleep(maxRetries=10, sleepTime=1000 MILLISECONDS)
Jul  7 21:29:30 calvisitor-10-105-160-85 Safari[9852]: tcp_connection_tls_session_error_callback_imp 2515 __tcp_connection_tls_session_callback_write_block_invoke.434 error 22
- 1133448168 2005.12.01 R57-M1-N0-C:J02-U01 2005-12-01-06.42.48.326640 R57-M1-N0-C:J02-U01 RAS KERNEL INFO 0 microseconds spent in the rbs signal handler during 0 calls. 0 microseconds was the maximum time for a single instance of a correctable ddr.
- 1131567276 2005.11.09 tbird-admin1 Nov 9 12:14:36 local@tbird-admin1 /apps/x86_64/system/ganglia-3.0.1/sbin/gmetad[1682]: data_thread() got not answer from any [Thunderbird_B3] datasource
081111 093316 25596 INFO dfs.DataNode$DataXceiver: Receiving block blk_-4655280636272058732 src: /10.251.26.8:48892 dest: /10.251.26.8:50010
- 1133448168 2005.12.01 R32-M1-NC-C:J16-U11 2005-12-01-06.42.48.626892 R32-M1-NC-C:J16-U11 RAS KERNEL INFO 10676 total interrupts. 0 critical input interrupts. 0 microseconds total spent on critical input interrupts, 0 microseconds max time in a critical input interrupt.
[07.27 10:23:03] chrome.exe *64 - t12.baidu.com:80 open through proxy proxy.cse.cuhk.edu.hk:5070 HTTPS
03-17 16:16:05.514  1702  2096 D PowerManagerService: ready=true,policy=3,wakefulness=1,wksummary=0x1,uasummary=0x1,bootcompleted=true,boostinprogress=false,waitmodeenable=false,mode=false,manual=38,auto=-1,adj=0.0userId=0
03-17 16:16:05.514  1702  2096 D PowerManagerService: Acquiring suspend blocker "PowerManagerService.WakeLocks".
Jul 27 14:41:57 combo syslog: klogd startup succeeded
081111 093350 25537 INFO dfs.DataNode$PacketResponder: PacketResponder 2 for block blk_-5799866343936729403 terminating
[Mon Dec 05 16:10:44 2005] [notice] workerEnv.init() ok /etc/httpd/conf/workers2.properties
Jul 27 14:41:57 combo kernel: On node 0 totalpages: 32430
Dec 10 11:04:15 LabSZ sshd[25492]: error: Received disconnect from 103.99.0.122: 14: No more user authentication methods available. [preauth]
17/06/09 20:11:10 INFO executor.CoarseGrainedExecutorBackend: Got assigned task 1319
Jul  7 21:30:12 calvisitor-10-105-160-85 Safari[9852]: KeychainGetICDPStatus: keychain: -25300
2015-10-18 18:10:38,545 ERROR [RMCommunicator Allocator] org.apache.hadoop.mapreduce.v2.app.rm.RMContainerAllocator: ERROR IN CONTACTING RM. 
[Mon Dec 05 16:10:44 2005] [error] mod_jk child workerEnv in error state 6
17/06/09 20:11:10 INFO executor.Executor: Running task 39.0 in stage 28.0 (TID 1319)
2016-09-29 02:04:37, Info                  CBS    Session: 30546354_3328072535 initialized by client WindowsUpdateAgent.
Jul 27 14:41:57 combo kernel:   DMA zone: 4096 pages, LIFO batch:1
2015-07-29 19:34:42,129 - WARN  [RecvWorker:188978561024:QuorumCnxManager$RecvWorker@762] - Connection broken for id 188978561024, my id = 3, error = 
17/06/09 20:11:10 INFO storage.BlockManager: Found block rdd_42_38 locally
- 1131567278 2005.11.09 dn1012 Nov 9 12:14:38 dn1012/dn1012 ntpd[509]: synchronized to 10.100.26.250, stratum 3
Jul 27 14:41:57 combo kernel:   Normal zone: 28334 pages, LIFO batch:6
2016-09-29 02:04:37, Info                  CBS    Read out cached package applicability for package: Package_for_KB2861698~31bf3856ad364e35~amd64~~6.1.1.0, ApplicableState: 112, CurrentState:112
- 1131567278 2005.11.09 tbird-admin1 Nov 9 12:14:38 local@tbird-admin1 /apps/x86_64/system/ganglia-3.0.1/sbin/gmetad[1682]: data_thread() got not answer from any [Thunderbird_C8] datasource
[07.27 10:23:05] chrome.exe *64 - pagead2.googlesyndication.com:80 open through proxy proxy.cse.cuhk.edu.hk:5070 HTTPS
081111 093407 35 INFO dfs.FSNamesystem: BLOCK* NameSystem.allocateBlock: /user/root/rand8/_temporary/_task_200811101024_0015_m_001294_0/part-01294. blk_4214952053910973364
Jul  7 21:31:11 calvisitor-10-105-160-85 garcon[38866]: Failed to connect (view) outlet from (NSApplication) to (NSColorPickerGridView): missing setter or instance variable
17/06/09 20:11:10 INFO storage.BlockManager: Found block rdd_42_39 locally
03-17 16:16:05.528  1702  1702 D PowerManagerService: ready=true,policy=3,wakefulness=1,wksummary=0x0,uasummary=0x1,bootcompleted=true,boostinprogress=false,waitmodeenable=false,mode=false,manual=38,auto=-1,adj=0.0userId=0
2015-07-29 19:34:45,265 - WARN  [RecvWorker:188978561024:QuorumCnxManager$RecvWorker@765] - Interrupting SendWorker
17/06/09 20:11:10 INFO python.PythonRunner: Times: total = 41, boot = 23, init = 18, finish = 0
- 1133448263 2005.12.01 R52-M0-N5-C:J10-U01 2005-12-01-06.44.23.178101 R52-M0-N5-C:J10-U01 RAS KERNEL INFO 10752 total interrupts. 0 critical input interrupts. 0 microseconds total spent on critical input interrupts, 0 microseconds max time in a critical input interrupt.
nova-api.log.1.2017-05-16_13:53:08 2017-05-16 00:14:04.701 25790 INFO nova.metadata.wsgi.server [-] 10.11.21.142,10.11.10.1 "GET /openstack/2013-10-17/user_data HTTP/1.1" status: 404 len: 176 time: 0.0009949
292522 Interconnect-1T01 switch_module error 1134758547 1 link errors remain current
[07.27 10:23:07] chrome.exe *64 - pic01.ishuhui.com:80 open through proxy proxy.cse.cuhk.edu.hk:5070 HTTPS
- 1133448278 2005.12.01 R52-M0-N1-C:J10-U11 2005-12-01-06.44.38.098317 R52-M0-N1-C:J10-U11 RAS KERNEL INFO 0 microseconds spent in the rbs signal handler during 0 calls. 0 microseconds was the maximum time for a single instance of a correctable ddr.
- 1133448296 2005.12.01 R72-M0-NF-C:J15-U11 2005-12-01-06.44.56.029154 R72-M0-NF-C:J15-U11 RAS KERNEL INFO 10728 total interrupts. 0 critical input interrupts. 0 microseconds total spent on critical input interrupts, 0 microseconds max time in a critical input interrupt.
298653 Interconnect-1T01 switch_module error 1134866941 1 link errors remain current
- 1133448298 2005.12.01 R73-M1-N7-C:J04-U01 2005-12-01-06.44.58.829439 R73-M1-N7-C:J04-U01 RAS KERNEL INFO 10712 total interrupts. 0 critical input interrupts. 0 microseconds total spent on critical input interrupts, 0 microseconds max time in a critical input interrupt.
20171224-0:10:10:440|Step_SPUtils|30002312|setTodayTotalDetailSteps=1514045340000##0##549659##8661##16256##34054759
307604 Interconnect-1T01 switch_module error 1135453027 1 link errors remain current
Dec 10 11:04:16 LabSZ sshd[25497]: Failed password for root from 183.62.140.253 port 59303 ssh2
[Mon Dec 05 16:16:34 2005] [notice] jk2_init() Found child 6368 in scoreboard slot 8
03-17 16:16:05.529  1702  1702 D PowerManagerService: Releasing suspend blocker "PowerManagerService.WakeLocks".
Jul 27 14:41:57 combo irqbalance: irqbalance startup succeeded
Jul  7 21:37:56 calvisitor-10-105-160-85 locationd[82]: Location icon should now be in state 'Inactive'
304336 Interconnect-1T01 switch_module error 1135418418 1 link errors remain current
- 1133448302 2005.12.01 R75-M0-N4-C:J12-U01 2005-12-01-06.45.02.528716 R75-M0-N4-C:J12-U01 RAS KERNEL INFO 10718 total interrupts. 0 critical input interrupts. 0 microseconds total spent on critical input interrupts, 0 microseconds max time in a critical input interrupt.
Dec 10 11:04:16 LabSZ sshd[25497]: Received disconnect from 183.62.140.253: 11: Bye Bye [preauth]
2015-07-29 19:34:48,617 - WARN  [SendWorker:188978561024:QuorumCnxManager$SendWorker@679] - Interrupted while waiting for message on queue
2015-07-29 19:34:48,696 - WARN  [SendWorker:188978561024:QuorumCnxManager$SendWorker@679] - Interrupted while waiting for message on queue
03-17 16:16:05.579  1702  8671 D PowerManagerService: ready=true,policy=3,wakefulness=1,wksummary=0x1,uasummary=0x1,bootcompleted=true,boostinprogress=false,waitmodeenable=false,mode=false,manual=38,auto=-1,adj=0.0userId=0
20171224-0:10:10:446|Step_ExtSDM|30002312|calculateCaloriesWithCache totalCalories=0
nova-api.log.1.2017-05-16_13:53:08 2017-05-16 00:14:04.938 25778 INFO nova.metadata.wsgi.server [req-81a97e64-19c0-4fca-9d0a-4ebfefde7b11 - - - - -] 10.11.21.142,10.11.10.1 "GET /openstack/2013-10-17/meta_data.json HTTP/1.1" status: 200 len: 967 time: 0.2257652
[Mon Dec 05 16:16:34 2005] [notice] jk2_init() Found child 6367 in scoreboard slot 7
- 1131567279 2005.11.09 dn392 Nov 9 12:14:39 dn392/dn392 ntpd[31149]: synchronized to 10.100.26.250, stratum 3
303787 Interconnect-1T01 switch_module error 1135214320 1 link errors remain current
Jul 27 14:41:57 combo kernel:   HighMem zone: 0 pages, LIFO batch:1
2016-09-29 02:04:37, Info                  CBS    Session: 30546354_3328272547 initialized by client WindowsUpdateAgent.
- 1131567279 2005.11.09 tbird-admin1 Nov 9 12:14:39 local@tbird-admin1 /apps/x86_64/system/ganglia-3.0.1/sbin/gmetad[1682]: data_thread() got not answer from any [Thunderbird_B7] datasource
Jul  7 21:47:20 calvisitor-10-105-160-85 QQ[10018]: 2017/07/07 21:47:20.392 | I | VoipWrapper  | DAVEngineImpl.cpp:1400:Close             | close video chat. llFriendUIN = 515629905.
2016-09-29 02:04:37, Info                  CBS    Read out cached package applicability for package: Package_for_KB3092627~31bf3856ad364e35~amd64~~6.1.1.0, ApplicableState: 112, CurrentState:112
Jul 27 14:41:57 combo kernel: DMI 2.3 present.
2015-07-29 19:34:48,697 - WARN  [RecvWorker:188978561024:QuorumCnxManager$RecvWorker@762] - Connection broken for id 188978561024, my id = 3, error = 
081111 093429 25813 INFO dfs.DataNode$DataXceiver: Receiving block blk_-6135061626100136978 src: /10.251.31.180:48900 dest: /10.251.31.180:50010
17/06/09 20:11:10 INFO python.PythonRunner: Times: total = 41, boot = 19, init = 22, finish = 0
[Mon Dec 05 16:16:34 2005] [notice] jk2_init() Found child 6366 in scoreboard slot 6
303668 Interconnect-1T01 switch_module error 1135179178 1 link errors remain current
20171224-0:10:10:446|Step_ExtSDM|30002312|calculateAltitudeWithCache totalAltitude=0
314828 Interconnect-1T01 switch_module error 1138020376 1 link errors remain current
2016-09-29 02:04:37, Info                  CBS    Session: 30546354_3328722573 initialized by client WindowsUpdateAgent.
Jul  7 21:47:38 calvisitor-10-105-160-85 kernel[0]: ARPT: 783667.697957: AirPort_Brcm43xx::powerChange: System Sleep
- 1131567282 2005.11.09 tbird-sm1 Nov 9 12:14:42 src@tbird-sm1 ib_sm.x[24904]: [ib_sm_sweep.c:1831]: ********************** NEW SWEEP ********************
[Mon Dec 05 16:16:36 2005] [notice] workerEnv.init() ok /etc/httpd/conf/workers2.properties
Jul  7 21:57:08 calvisitor-10-105-160-85 kernel[0]: Bluetooth -- LE is supported - Disable LE meta event
17/06/09 20:11:10 INFO executor.Executor: Finished task 35.0 in stage 28.0 (TID 1315). 2087 bytes result sent to driver
2015-07-29 19:34:48,808 - WARN  [RecvWorker:188978561024:QuorumCnxManager$RecvWorker@762] - Connection broken for id 188978561024, my id = 3, error = 
20171224-0:10:42:137|Step_LSC|30002312|onStandStepChanged 3786
081111 093513 25793 INFO dfs.DataNode$DataXceiver: Receiving block blk_-5057534532247887258 src: /10.250.5.237:45766 dest: /10.250.5.237:50010
Jul 27 14:41:57 combo kernel: ACPI disabled because your bios is from 2000 and too old
Dec 10 11:04:16 LabSZ sshd[25501]: pam_unix(sshd:auth): authentication failure; logname= uid=0 euid=0 tty=ssh ruser= rhost=183.62.140.253  user=root
Jul 27 14:41:57 combo kernel: You can enable it with acpi=force
- 1133448306 2005.12.01 R53-M0-N1-C:J11-U11 2005-12-01-06.45.06.711202 R53-M0-N1-C:J11-U11 RAS KERNEL INFO 10722 total interrupts. 0 critical input interrupts. 0 microseconds total spent on critical input interrupts, 0 microseconds max time in a critical input interrupt.
17/06/09 20:11:10 INFO executor.Executor: Finished task 36.0 in stage 28.0 (TID 1316). 2087 bytes result sent to driver
Jul  7 21:58:03 calvisitor-10-105-160-85 WindowServer[184]: send_datagram_available_ping: pid 445 failed to act on a ping it dequeued before timing out.
2016-09-29 02:04:37, Info                  CBS    Read out cached package applicability for package: Package_for_KB2984976~31bf3856ad364e35~amd64~~6.1.1.3, ApplicableState: 80, CurrentState:112
- 1131567283 2005.11.09 tbird-admin1 Nov 9 12:14:43 local@tbird-admin1 /apps/x86_64/system/ganglia-3.0.1/sbin/gmetad[1682]: data_thread() got not answer from any [Thunderbird_C6] datasource
20171224-0:10:42:149|Step_LSC|30002312|onExtend:1514045442000 0 0 5
- 1133448310 2005.12.01 R76-M1-NC-C:J16-U01 2005-12-01-06.45.10.211281 R76-M1-NC-C:J16-U01 RAS KERNEL INFO 10644 total interrupts. 0 critical input interrupts. 0 microseconds total spent on critical input interrupts, 0 microseconds max time in a critical input interrupt.
Jul 27 14:41:57 combo kernel: Built 1 zonelists
Jul 27 14:41:57 combo kernel: Kernel command line: ro root=LABEL=/ rhgb quiet
nova-api.log.1.2017-05-16_13:53:08 2017-05-16 00:14:05.322 25793 INFO nova.metadata.wsgi.server [req-02daae83-21bb-40d2-a6da-3cb3fdd661d0 - - - - -] 10.11.21.142,10.11.10.1 "GET /openstack/2013-10-17/meta_data.json HTTP/1.1" status: 200 len: 967 time: 0.2429230
Dec 10 11:04:16 LabSZ sshd[25499]: pam_unix(sshd:auth): authentication failure; logname= uid=0 euid=0 tty=ssh ruser= rhost=103.99.0.122  user=uucp
081111 093550 25550 INFO dfs.DataNode$PacketResponder: Received block blk_9103049989653819836 of size 67108864 from /10.250.10.223
Jul 27 14:41:57 combo kernel: mapped 4G/4G trampoline to ffff3000.
Jul 27 14:41:57 combo kernel: Initializing CPU#0
081111 093657 25789 INFO dfs.DataNode$DataXceiver: Receiving block blk_-4365612131648152536 src: /10.251.107.227:57736 dest: /10.251.107.227:50010
335192 Interconnect-1N03 switch_module error 1140228727 1 link errors remain current
Jul 27 14:41:57 combo kernel: CPU 0 irqstacks, hard=02345000 soft=02344000
03-17 16:16:05.579  1702  8671 D PowerManagerService: Acquiring suspend blocker "PowerManagerService.WakeLocks".
081111 093701 24237 INFO dfs.DataNode$DataXceiver: Receiving block blk_3598226258881465924 src: /10.251.199.159:41752 dest: /10.251.199.159:50010
[Mon Dec 05 16:16:36 2005] [error] mod_jk child workerEnv in error state 6
335191 Interconnect-0N03 switch_module error 1140228727 1 link errors remain current
03-17 16:16:05.590  2227  2227 I StackScrollAlgorithm: updateClipping isOverlap:false, getTopPadding=333.0, Translation=-497.0
- 1133448393 2005.12.01 R66-M0-N2-C:J17-U11 2005-12-01-06.46.33.760675 R66-M0-N2-C:J17-U11 RAS KERNEL INFO 0 microseconds spent in the rbs signal handler during 0 calls. 0 microseconds was the maximum time for a single instance of a correctable ddr.
- 1131567284 2005.11.09 tbird-admin1 Nov 9 12:14:44 local@tbird-admin1 /apps/x86_64/system/ganglia-3.0.1/sbin/gmetad[1682]: data_thread() got not answer from any [Thunderbird_A6] datasource
Dec 10 11:04:17 LabSZ sshd[25501]: Failed password for root from 183.62.140.253 port 59702 ssh2
2015-07-29 19:34:51,949 - WARN  [RecvWorker:188978561024:QuorumCnxManager$RecvWorker@762] - Connection broken for id 188978561024, my id = 3, error = 
- 1133448397 2005.12.01 R66-M0-NB-C:J17-U11 2005-12-01-06.46.37.568406 R66-M0-NB-C:J17-U11 RAS KERNEL INFO 0 microseconds spent in the rbs signal handler during 0 calls. 0 microseconds was the maximum time for a single instance of a correctable ddr.
081111 093703 25622 INFO dfs.DataNode$PacketResponder: PacketResponder 0 for block blk_3378157549705391333 terminating
2016-09-29 02:04:37, Info                  CBS    Session: 30546354_3329762632 initialized by client WindowsUpdateAgent.
20171224-0:10:42:438|Step_SPUtils|30002312| getTodayTotalDetailSteps = 1514045340000##0##549659##8661##16256##34054759
- 1133448410 2005.12.01 R41-M0-NB-C:J05-U11 2005-12-01-06.46.50.571631 R41-M0-NB-C:J05-U11 RAS KERNEL INFO 0 microseconds spent in the rbs signal handler during 0 calls. 0 microseconds was the maximum time for a single instance of a correctable ddr.
Dec 10 11:04:17 LabSZ sshd[25501]: Received disconnect from 183.62.140.253: 11: Bye Bye [preauth]
nova-compute.log.1.2017-05-16_13:55:31 2017-05-16 00:14:05.394 2931 INFO nova.virt.libvirt.imagecache [req-addc1839-2ed5-4778-b57e-5854eb7b8b09 - - - - -] image 0673dd71-34c5-4fbb-86c4-40623fbe45b4 at (/var/lib/nova/instances/_base/a489c868f0c37da93b76227c91bb03908ac0e742): checking
- 1131567284 2005.11.09 tbird-admin1 Nov 9 12:14:44 local@tbird-admin1 /apps/x86_64/system/ganglia-3.0.1/sbin/gmetad[1682]: data_thread() got not answer from any [Thunderbird_B4] datasource
Jul  7 21:58:14 calvisitor-10-105-160-85 kernel[0]: IOPMrootDomain: idle cancel, state 1
327915 Interconnect-0N02 switch_module error 1140099136 1 link errors remain current
081111 093742 13 INFO dfs.DataBlockScanner: Verification succeeded for blk_-8347949825960763812
[07.27 10:23:07] chrome.exe *64 - pic01.ishuhui.com:80 open through proxy proxy.cse.cuhk.edu.hk:5070 HTTPS
Dec 10 11:04:18 LabSZ sshd[25503]: pam_unix(sshd:auth): authentication failure; logname= uid=0 euid=0 tty=ssh ruser= rhost=183.62.140.253  user=root
[07.27 10:23:07] chrome.exe *64 - tpc.googlesyndication.com:443 open through proxy proxy.cse.cuhk.edu.hk:5070 HTTPS
2015-10-18 18:10:39,107 WARN [LeaseRenewer:msrabi@msra-sa-41:9000] org.apache.hadoop.ipc.Client: Address change detected. Old: msra-sa-41/10.190.173.170:9000 New: msra-sa-41:9000
Dec 10 11:04:18 LabSZ sshd[25499]: Failed password for uucp from 103.99.0.122 port 65454 ssh2
081111 093814 25929 INFO dfs.DataNode$PacketResponder: Received block blk_-2934265883100282310 of size 67108864 from /10.251.39.144
Dec 10 11:04:18 LabSZ sshd[25499]: error: Received disconnect from 103.99.0.122: 14: No more user authentication methods available. [preauth]
2016-09-29 02:04:37, Info                  CBS    Read out cached package applicability for package: Package_for_KB3102429~31bf3856ad364e35~amd64~~6.1.2.0, ApplicableState: 112, CurrentState:112
379417 Interconnect-1N00 switch_module error 1141791316 1 link errors remain current
2016-09-29 02:04:37, Info                  CBS    Session: 30546354_3330712686 initialized by client WindowsUpdateAgent.
Dec 10 11:04:20 LabSZ sshd[25503]: Failed password for root from 183.62.140.253 port 60061 ssh2
20171224-0:10:42:438|Step_SPUtils|30002312|setTodayTotalDetailSteps=1514045340000##0##549659##8661##16256##34086757
2016-09-29 02:04:37, Info                  CBS    Read out cached package applicability for package: Package_for_KB3005788~31bf3856ad364e35~amd64~~6.1.1.0, ApplicableState: 80, CurrentState:0
Dec 10 11:04:20 LabSZ sshd[25503]: Received disconnect from 183.62.140.253: 11: Bye Bye [preauth]
03-17 16:16:05.591  2227  2227 I StackScrollAlgorithm: updateDimmedActivatedHideSensitive overlap:false
- 1133448439 2005.12.01 R73-M0-N2-C:J11-U11 2005-12-01-06.47.19.872148 R73-M0-N2-C:J11-U11 RAS KERNEL INFO 10738 total interrupts. 0 critical input interrupts. 0 microseconds total spent on critical input interrupts, 0 microseconds max time in a critical input interrupt.
Dec 10 11:04:20 LabSZ sshd[25508]: pam_unix(sshd:auth): authentication failure; logname= uid=0 euid=0 tty=ssh ruser= rhost=183.62.140.253  user=root
- 1133448448 2005.12.01 R73-M0-NE-C:J14-U01 2005-12-01-06.47.28.616018 R73-M0-NE-C:J14-U01 RAS KERNEL INFO 10646 total interrupts. 0 critical input interrupts. 0 microseconds total spent on critical input interrupts, 0 microseconds max time in a critical input interrupt.
- 1133448466 2005.12.01 R44-M0-N3-C:J06-U01 2005-12-01-06.47.46.598443 R44-M0-N3-C:J06-U01 RAS KERNEL INFO 0 microseconds spent in the rbs signal handler during 0 calls. 0 microseconds was the maximum time for a single instance of a correctable ddr.
17/06/09 20:11:10 INFO python.PythonRunner: Times: total = 38, boot = 14, init = 24, finish = 0
379300 Interconnect-1N00 switch_module error 1141770248 1 link errors remain current
nova-compute.log.1.2017-05-16_13:55:31 2017-05-16 00:14:05.395 2931 INFO nova.virt.libvirt.imagecache [req-addc1839-2ed5-4778-b57e-5854eb7b8b09 - - - - -] image 0673dd71-34c5-4fbb-86c4-40623fbe45b4 at (/var/lib/nova/instances/_base/a489c868f0c37da93b76227c91bb03908ac0e742): in use: on this node 1 local, 0 on other nodes sharing this instance storage
081111 093823 25642 INFO dfs.DataNode$PacketResponder: PacketResponder 2 for block blk_1259893634804870815 terminating
20171224-0:10:42:445|Step_ExtSDM|30002312|calculateCaloriesWithCache totalCalories=0
Jul 27 14:41:57 combo portmap: portmap startup succeeded
- 1133448468 2005.12.01 R77-M0-N5-C:J04-U11 2005-12-01-06.47.48.847938 R77-M0-N5-C:J04-U11 RAS KERNEL INFO 10710 total interrupts. 0 critical input interrupts. 0 microseconds total spent on critical input interrupts, 0 microseconds max time in a critical input interrupt.
20171224-0:10:42:445|Step_ExtSDM|30002312|calculateAltitudeWithCache totalAltitude=0
379111 Interconnect-0T01 switch_module error 1141726583 1 link errors remain current
081111 093913 25312 INFO dfs.DataNode$PacketResponder: PacketResponder 2 for block blk_412956398445037066 terminating
20171224-0:10:43:138|Step_LSC|30002312|onStandStepChanged 3786
- 1133448469 2005.12.01 R61-M0-N9-C:J16-U01 2005-12-01-06.47.49.100165 R61-M0-N9-C:J16-U01 RAS KERNEL INFO 0 microseconds spent in the rbs signal handler during 0 calls. 0 microseconds was the maximum time for a single instance of a correctable ddr.
2015-07-29 19:34:51,956 - INFO  [/10.10.34.13:3888:QuorumCnxManager$Listener@493] - Received connection request /10.10.34.11:49566
2016-09-29 02:04:37, Info                  CBS    Session: 30546354_3332522790 initialized by client WindowsUpdateAgent.
[Mon Dec 05 16:16:36 2005] [notice] workerEnv.init() ok /etc/httpd/conf/workers2.properties
2015-10-18 18:10:39,107 WARN [LeaseRenewer:msrabi@msra-sa-41:9000] org.apache.hadoop.hdfs.LeaseRenewer: Failed to renew lease for [DFSClient_NONMAPREDUCE_1537864556_1] for 341 seconds.  Will retry shortly ...
2016-09-29 02:04:37, Info                  CBS    Read out cached package applicability for package: Package_for_KB3006121~31bf3856ad364e35~amd64~~6.1.1.0, ApplicableState: 112, CurrentState:112
2015-10-18 18:10:39,545 WARN [RMCommunicator Allocator] org.apache.hadoop.ipc.Client: Address change detected. Old: msra-sa-41/10.190.173.170:8030 New: msra-sa-41:8030
20171224-0:10:43:153|Step_LSC|30002312|onExtend:1514045443000 0 0 0
2016-09-29 02:04:37, Info                  CBS    Session: 30546354_3334232888 initialized by client WindowsUpdateAgent.
Dec 10 11:04:21 LabSZ sshd[25505]: pam_unix(sshd:auth): authentication failure; logname= uid=0 euid=0 tty=ssh ruser= rhost=103.99.0.122  user=sshd
nova-api.log.1.2017-05-16_13:53:08 2017-05-16 00:14:05.517 25746 INFO nova.osapi_compute.wsgi.server [req-08d50ea8-a6d0-474a-aaea-560407ef2dec 113d3a99c3da401fbd62cc2caa5b96d2 54fadb412c4e40cdbaed9335e4c35a9e - - -] 10.11.10.1 "DELETE /v2/54fadb412c4e40cdbaed9335e4c35a9e/servers/c62f4f25-982c-4ea2-b5e4-93000edfcfbf HTTP/1.1" status: 204 len: 203 time: 0.2904921
081111 093952 25849 INFO dfs.DataNode$PacketResponder: Received block blk_-9167880724995702718 of size 67108864 from /10.251.214.225
[Mon Dec 05 16:16:36 2005] [error] mod_jk child workerEnv in error state 6
Dec 10 11:04:23 LabSZ sshd[25508]: Failed password for root from 183.62.140.253 port 60554 ssh2
nova-compute.log.1.2017-05-16_13:55:31 2017-05-16 00:14:05.562 2931 INFO nova.compute.manager [req-08d50ea8-a6d0-474a-aaea-560407ef2dec 113d3a99c3da401fbd62cc2caa5b96d2 54fadb412c4e40cdbaed9335e4c35a9e - - -] [instance: c62f4f25-982c-4ea2-b5e4-93000edfcfbf] Terminating instance
[Mon Dec 05 16:16:36 2005] [notice] workerEnv.init() ok /etc/httpd/conf/workers2.properties
2015-07-29 19:34:52,035 - WARN  [SendWorker:188978561024:QuorumCnxManager$SendWorker@688] - Send worker leaving thread
[07.27 10:23:08] chrome.exe *64 - eclick.baidu.com:443 open through proxy proxy.cse.cuhk.edu.hk:5070 HTTPS
[Mon Dec 05 16:16:36 2005] [error] mod_jk child workerEnv in error state 6
Jul 27 14:41:57 combo kernel: PID hash table entries: 512 (order 9: 4096 bytes)
2016-09-29 02:04:37, Info                  CBS    Read out cached package applicability for package: Package_for_KB2813430~31bf3856ad364e35~amd64~~6.1.1.4, ApplicableState: 112, CurrentState:112
[Mon Dec 05 16:21:25 2005] [notice] jk2_init() Found child 6387 in scoreboard slot 7
2016-09-29 02:04:37, Info                  CBS    Session: 30546354_3336152998 initialized by client WindowsUpdateAgent.
[Mon Dec 05 16:21:25 2005] [notice] jk2_init() Found child 6386 in scoreboard slot 6
[Mon Dec 05 16:21:25 2005] [notice] jk2_init() Found child 6385 in scoreboard slot 8
2015-07-29 19:34:52,036 - WARN  [RecvWorker:188978561024:QuorumCnxManager$RecvWorker@765] - Interrupting SendWorker
Dec 10 11:04:23 LabSZ sshd[25508]: Received disconnect from 183.62.140.253: 11: Bye Bye [preauth]
[Mon Dec 05 16:21:29 2005] [notice] workerEnv.init() ok /etc/httpd/conf/workers2.properties
2016-09-29 02:04:37, Info                  CBS    Read out cached package applicability for package: Package_for_KB3033889~31bf3856ad364e35~amd64~~6.1.1.0, ApplicableState: 112, CurrentState:112
- 1131567284 2005.11.09 tbird-admin1 Nov 9 12:14:44 local@tbird-admin1 /apps/x86_64/system/ganglia-3.0.1/sbin/gmetad[1682]: data_thread() got not answer from any [Thunderbird_D8] datasource
03-17 16:16:05.594  2227  2318 I PhoneStatusBar: logNotificationVisibilityChanges runInThread start
[07.27 10:23:19] chrome.exe *64 - googleads.g.doubleclick.net:80 close, 0 bytes sent, 0 bytes received, lifetime 00:12
[Mon Dec 05 16:21:29 2005] [error] mod_jk child workerEnv in error state 6
[Mon Dec 05 16:21:29 2005] [notice] workerEnv.init() ok /etc/httpd/conf/workers2.properties
20171224-0:10:43:440|Step_SPUtils|30002312| getTodayTotalDetailSteps = 1514045340000##0##549659##8661##16256##34086757
- 1133448479 2005.12.01 R64-M0-N2-C:J16-U01 2005-12-01-06.47.59.953454 R64-M0-N2-C:J16-U01 RAS KERNEL INFO 0 microseconds spent in the rbs signal handler during 0 calls. 0 microseconds was the maximum time for a single instance of a correctable ddr.
2015-10-18 18:10:40,107 WARN [LeaseRenewer:msrabi@msra-sa-41:9000] org.apache.hadoop.ipc.Client: Address change detected. Old: msra-sa-41/10.190.173.170:9000 New: msra-sa-41:9000
2015-10-18 18:10:40,107 WARN [LeaseRenewer:msrabi@msra-sa-41:9000] org.apache.hadoop.hdfs.LeaseRenewer: Failed to renew lease for [DFSClient_NONMAPREDUCE_1537864556_1] for 342 seconds.  Will retry shortly ...
Jul  7 21:58:33 calvisitor-10-105-160-85 NeteaseMusic[17988]: 21:58:33.765 ERROR:    177: timed out after 15.000s (0 0); mMajorChangePending=0
- 1133448491 2005.12.01 R45-M0-N4-C:J13-U01 2005-12-01-06.48.11.378453 R45-M0-N4-C:J13-U01 RAS KERNEL INFO 10706 total interrupts. 0 critical input interrupts. 0 microseconds total spent on critical input interrupts, 0 microseconds max time in a critical input interrupt.
Dec 10 11:04:23 LabSZ sshd[25511]: pam_unix(sshd:auth): authentication failure; logname= uid=0 euid=0 tty=ssh ruser= rhost=183.62.140.253  user=root
[Mon Dec 05 16:21:29 2005] [error] mod_jk child workerEnv in error state 6
396457 Interconnect-1N00 switch_module error 1142527572 1 link errors remain current
2015-07-29 19:34:55,378 - WARN  [RecvWorker:188978561024:QuorumCnxManager$RecvWorker@765] - Interrupting SendWorker
20171224-0:10:43:441|Step_SPUtils|30002312|setTodayTotalDetailSteps=1514045340000##0##549659##8661##16256##34087759
03-17 16:16:05.595  1702  2618 I NotificationManager: onNotificationVisibilityChanged called
2016-09-29 02:04:37, Info                  CBS    Session: 30546354_3336463015 initialized by client WindowsUpdateAgent.
03-17 16:16:05.595  2227  2318 I PhoneStatusBar: logNotificationVisibilityChanges runInThread over
- 1133448493 2005.12.01 R64-M0-N1-C:J06-U11 2005-12-01-06.48.13.253997 R64-M0-N1-C:J06-U11 RAS KERNEL INFO 0 microseconds spent in the rbs signal handler during 0 calls. 0 microseconds was the maximum time for a single instance of a correctable ddr.
2015-07-29 19:34:58,628 - WARN  [RecvWorker:188978561024:QuorumCnxManager$RecvWorker@762] - Connection broken for id 188978561024, my id = 3, error = 
[07.27 10:23:21] chrome.exe *64 - xueshu.baidu.com:80 open through proxy proxy.cse.cuhk.edu.hk:5070 HTTPS
Jul  7 21:59:08 calvisitor-10-105-160-85 kernel[0]: ARPT: 783790.553857: wl0: MDNS: IPV6 Addr: 2607:f140:6000:8:c6b3:1ff:fecd:467f
- 1131567286 2005.11.09 tbird-admin1 Nov 9 12:14:46 local@tbird-admin1 /apps/x86_64/system/ganglia-3.0.1/sbin/gmetad[1682]: data_thread() got not answer from any [Thunderbird_D4] datasource
Jul 27 14:41:57 combo kernel: Detected 731.219 MHz processor.
Jul  7 22:10:52 calvisitor-10-105-160-85 kernel[0]: ARPT: 783795.288172: AirPort_Brcm43xx::powerChange: System Wake - Full Wake/ Dark Wake / Maintenance wake
17/06/09 20:11:10 INFO executor.Executor: Finished task 37.0 in stage 28.0 (TID 1317). 2087 bytes result sent to driver
Jul 27 14:41:57 combo rpc.statd[1618]: Version 1.0.6 Starting
20171224-0:10:43:447|Step_ExtSDM|30002312|calculateCaloriesWithCache totalCalories=0
03-17 16:16:05.768  1702 14640 D PowerManagerService: ready=true,policy=3,wakefulness=1,wksummary=0x0,uasummary=0x1,bootcompleted=true,boostinprogress=false,waitmodeenable=false,mode=false,manual=38,auto=-1,adj=0.0userId=0
03-17 16:16:05.768  1702 14640 D PowerManagerService: Releasing suspend blocker "PowerManagerService.WakeLocks".
03-17 16:16:06.670  1702  2105 D PowerManagerService: userActivityNoUpdateLocked: eventTime=261991304, event=2, flags=0x0, uid=1000
[Mon Dec 05 16:21:29 2005] [notice] workerEnv.init() ok /etc/httpd/conf/workers2.properties
03-17 16:16:06.671  1702  2105 D PowerManagerService: ready=true,policy=3,wakefulness=1,wksummary=0x0,uasummary=0x1,bootcompleted=true,boostinprogress=false,waitmodeenable=false,mode=false,manual=38,auto=-1,adj=0.0userId=0
[Mon Dec 05 16:21:29 2005] [error] mod_jk child workerEnv in error state 6
- 1133448498 2005.12.01 R64-M0-N8-C:J05-U11 2005-12-01-06.48.18.151322 R64-M0-N8-C:J05-U11 RAS KERNEL INFO 0 microseconds spent in the rbs signal handler during 0 calls. 0 microseconds was the maximum time for a single instance of a correctable ddr.
[Mon Dec 05 16:26:00 2005] [notice] jk2_init() Found child 6400 in scoreboard slot 7
Jul 27 14:41:57 combo kernel: Using tsc for high-res timesource
Jul  7 22:11:54 calvisitor-10-105-160-85 QQ[10018]: button report: 0x8002be0
081111 094008 26005 INFO dfs.DataNode$DataXceiver: Receiving block blk_-7764040409370932316 src: /10.251.125.237:58496 dest: /10.251.125.237:50010
17/06/09 20:11:10 INFO python.PythonRunner: Times: total = 42, boot = 19, init = 22, finish = 1
Jul 27 14:41:58 combo nfslock: rpc.statd startup succeeded
081111 094052 25242 INFO dfs.DataNode$DataXceiver: Receiving block blk_931297048899943584 src: /10.251.67.113:54324 dest: /10.251.67.113:50010
415687 Interconnect-0T00 switch_module error 1143027001 1 link errors remain current
Jul 27 14:41:58 combo kernel: Console: colour VGA+ 80x25
414825 Interconnect-1N00 switch_module error 1142865108 1 link errors remain current
nova-compute.log.1.2017-05-16_13:55:31 2017-05-16 00:14:05.577 2931 INFO nova.virt.libvirt.imagecache [req-addc1839-2ed5-4778-b57e-5854eb7b8b09 - - - - -] Active base files: /var/lib/nova/instances/_base/a489c868f0c37da93b76227c91bb03908ac0e742
2015-10-18 18:10:40,545 INFO [RMCommunicator Allocator] org.apache.hadoop.ipc.Client: Retrying connect to server: msra-sa-41:8030. Already tried 0 time(s); retry policy is RetryUpToMaximumCountWithFixedSleep(maxRetries=10, sleepTime=1000 MILLISECONDS)
17/06/09 20:11:10 INFO python.PythonRunner: Times: total = 40, boot = 14, init = 26, finish = 0
2015-10-18 18:10:40,545 ERROR [RMCommunicator Allocator] org.apache.hadoop.mapreduce.v2.app.rm.RMContainerAllocator: ERROR IN CONTACTING RM. 
Jul 27 14:41:58 combo kernel: Memory: 125312k/129720k available (1540k kernel code, 3860k reserved, 599k data, 144k init, 0k highmem)
2015-10-18 18:10:41,107 WARN [LeaseRenewer:msrabi@msra-sa-41:9000] org.apache.hadoop.ipc.Client: Address change detected. Old: msra-sa-41/10.190.173.170:9000 New: msra-sa-41:9000
414569 Interconnect-1N02 switch_module error 1142843014 1 link errors remain current
081111 094221 25770 INFO dfs.DataNode$PacketResponder: PacketResponder 2 for block blk_2833019093942278701 terminating
17/06/09 20:11:10 INFO executor.Executor: Finished task 38.0 in stage 28.0 (TID 1318). 2087 bytes result sent to driver
03-17 16:16:06.676  2227  2227 I PanelView: onInterceptTouchEvent MotionEvent { action=ACTION_DOWN, actionButton=0, id[0]=0, x[0]=622.0, y[0]=86.0, toolType[0]=TOOL_TYPE_FINGER, buttonState=0, metaState=0, flags=0x0, edgeFlags=0x0, pointerCount=1, historySize=0, eventTime=261991304, downTime=261991304, deviceId=3, source=0x1002 }, mBlockTouches=false
414493 Interconnect-1N02 switch_module error 1142837578 1 link errors remain current
Jul  7 22:24:31 calvisitor-10-105-160-85 sharingd[30299]: 22:24:31.135 : BTLE scanner Powered On
- 1133448588 2005.12.01 R46-M1-N5-C:J16-U01 2005-12-01-06.49.48.883198 R46-M1-N5-C:J16-U01 RAS KERNEL INFO 10765 total interrupts. 0 critical input interrupts. 0 microseconds total spent on critical input interrupts, 0 microseconds max time in a critical input interrupt.
nova-api.log.1.2017-05-16_13:53:08 2017-05-16 00:14:05.678 25786 INFO nova.metadata.wsgi.server [req-778a3f3a-8eac-41f0-968b-5c8fb31e7bb1 - - - - -] 10.11.21.142,10.11.10.1 "GET /latest/meta-data/ HTTP/1.1" status: 200 len: 328 time: 0.2538400
2015-07-29 19:34:58,636 - INFO  [/10.10.34.13:3888:QuorumCnxManager$Listener@493] - Received connection request /10.10.34.11:49590
2015-10-18 18:10:41,107 WARN [LeaseRenewer:msrabi@msra-sa-41:9000] org.apache.hadoop.hdfs.LeaseRenewer: Failed to renew lease for [DFSClient_NONMAPREDUCE_1537864556_1] for 343 seconds.  Will retry shortly ...
Jul  7 22:32:31 calvisitor-10-105-160-85 Dock[307]: -[UABestAppSuggestionManager notifyBestAppChanged:type:options:bundleIdentifier:activityType:dynamicIdentifier:when:confidence:deviceName:deviceIdentifier:deviceType:] (null) UASuggestedActionType=0 (null)/(null) opts=(null) when=2017-07-08 05:32:31 +0000 confidence=1 from=(null)/(null) (UABestAppSuggestionManager.m #319)
- 1131567286 2005.11.09 tbird-sm1 Nov 9 12:14:46 src@tbird-sm1 ib_sm.x[24904]: [ib_sm_sweep.c:1455]: No topology change
2016-09-29 02:04:37, Info                  CBS    Read out cached package applicability for package: Package_for_KB3037574~31bf3856ad364e35~amd64~~6.1.1.0, ApplicableState: 112, CurrentState:112
2016-09-29 02:04:37, Info                  CBS    Session: 30546354_3336883039 initialized by client WindowsUpdateAgent.
[Mon Dec 05 16:26:00 2005] [notice] jk2_init() Found child 6399 in scoreboard slot 6
2016-09-29 02:04:37, Info                  CBS    Read out cached package applicability for package: Package_for_KB2977292~31bf3856ad364e35~amd64~~6.1.1.0, ApplicableState: 112, CurrentState:112
- 1133448628 2005.12.01 R42-M0-NA-C:J09-U11 2005-12-01-06.50.28.913616 R42-M0-NA-C:J09-U11 RAS KERNEL INFO 0 microseconds spent in the rbs signal handler during 0 calls. 0 microseconds was the maximum time for a single instance of a correctable ddr.
[Mon Dec 05 16:26:00 2005] [notice] jk2_init() Found child 6398 in scoreboard slot 8
- 1133448653 2005.12.01 R27-M1-N9-C:J09-U01 2005-12-01-06.50.53.822651 R27-M1-N9-C:J09-U01 RAS KERNEL INFO 10698 total interrupts. 0 critical input interrupts. 0 microseconds total spent on critical input interrupts, 0 microseconds max time in a critical input interrupt.
081111 094319 25340 INFO dfs.DataNode$PacketResponder: Received block blk_-5785220384376578831 of size 67108864 from /10.251.203.80
081111 094331 26028 INFO dfs.DataNode$PacketResponder: Received block blk_3386670145292909259 of size 67108864 from /10.251.110.68
Dec 10 11:04:23 LabSZ sshd[25505]: Failed password for sshd from 103.99.0.122 port 49598 ssh2
Jul  7 22:46:29 calvisitor-10-105-160-85 QQ[10018]: button report: 0x8002be0
Dec 10 11:04:23 LabSZ sshd[25505]: error: Received disconnect from 103.99.0.122: 14: No more user authentication methods available. [preauth]
Jul 27 14:41:58 combo kernel: Calibrating delay loop... 1445.88 BogoMIPS
- 1133448656 2005.12.01 R27-M1-NA-C:J05-U11 2005-12-01-06.50.56.045860 R27-M1-NA-C:J05-U11 RAS KERNEL INFO 10744 total interrupts. 0 critical input interrupts. 0 microseconds total spent on critical input interrupts, 0 microseconds max time in a critical input interrupt.
Dec 10 11:04:25 LabSZ sshd[25511]: Failed password for root from 183.62.140.253 port 32826 ssh2
nova-compute.log.1.2017-05-16_13:55:31 2017-05-16 00:14:05.776 2931 INFO nova.virt.libvirt.driver [-] [instance: c62f4f25-982c-4ea2-b5e4-93000edfcfbf] Instance destroyed successfully.
2016-09-29 02:04:37, Info                  CBS    Session: 30546354_3337033048 initialized by client WindowsUpdateAgent.
20171224-0:10:43:448|Step_ExtSDM|30002312|calculateAltitudeWithCache totalAltitude=0
2016-09-29 02:04:37, Info                  CBS    Read out cached package applicability for package: Package_for_KB3161949~31bf3856ad364e35~amd64~~6.1.1.0, ApplicableState: 112, CurrentState:112
2015-10-18 18:10:41,545 WARN [RMCommunicator Allocator] org.apache.hadoop.ipc.Client: Address change detected. Old: msra-sa-41/10.190.173.170:8030 New: msra-sa-41:8030
- 1131567286 2005.11.09 tbird-sm1 Nov 9 12:14:46 src@tbird-sm1 ib_sm.x[24904]: [ib_sm_sweep.c:1482]: No configuration change required
2015-10-18 18:10:42,107 WARN [LeaseRenewer:msrabi@msra-sa-41:9000] org.apache.hadoop.ipc.Client: Address change detected. Old: msra-sa-41/10.190.173.170:9000 New: msra-sa-41:9000
Dec 10 11:04:25 LabSZ sshd[25511]: Received disconnect from 183.62.140.253: 11: Bye Bye [preauth]
414390 Interconnect-1N00 switch_module error 1142825359 1 link errors remain current
17/06/09 20:11:10 INFO executor.Executor: Finished task 39.0 in stage 28.0 (TID 1319). 2087 bytes result sent to driver
Dec 10 11:04:25 LabSZ sshd[25516]: pam_unix(sshd:auth): authentication failure; logname= uid=0 euid=0 tty=ssh ruser= rhost=183.62.140.253  user=root
Jul 27 14:41:58 combo kernel: Security Scaffold v1.0.0 initialized
Dec 10 11:04:25 LabSZ sshd[25513]: Invalid user admin from 103.99.0.122
Jul  7 22:47:06 calvisitor-10-105-160-85 kernel[0]: ARPT: 783991.995027: wl0: setup_keepalive: interval 900, retry_interval 30, retry_count 10
2015-10-18 18:10:42,107 WARN [LeaseRenewer:msrabi@msra-sa-41:9000] org.apache.hadoop.hdfs.LeaseRenewer: Failed to renew lease for [DFSClient_NONMAPREDUCE_1537864556_1] for 344 seconds.  Will retry shortly ...
081111 094415 25901 INFO dfs.DataNode$DataXceiver: Receiving block blk_1859772752119590543 src: /10.251.42.246:57741 dest: /10.251.42.246:50010
[07.27 10:23:26] chrome.exe *64 - fclick.baidu.com:80 open through proxy proxy.cse.cuhk.edu.hk:5070 HTTPS
[07.27 10:23:29] chrome.exe *64 - mhfm5.us.cdndm5.com:80 open through proxy proxy.cse.cuhk.edu.hk:5070 HTTPS
- 1131567288 2005.11.09 cn254 Nov 9 12:14:48 cn254/cn254 ntpd[10022]: synchronized to 10.100.18.250, stratum 3
20171224-0:11:0:122|Step_LSC|30002312|processHandleBroadcastAction action:android.intent.action.TIME_TICK
Dec 10 11:04:25 LabSZ sshd[25513]: input_userauth_request: invalid user admin [preauth]
nova-api.log.1.2017-05-16_13:53:08 2017-05-16 00:14:05.785 25746 INFO nova.osapi_compute.wsgi.server [req-554e3f99-2f55-4004-bda8-f9bed26f5ac9 113d3a99c3da401fbd62cc2caa5b96d2 54fadb412c4e40cdbaed9335e4c35a9e - - -] 10.11.10.1 "GET /v2/54fadb412c4e40cdbaed9335e4c35a9e/servers/detail HTTP/1.1" status: 200 len: 1916 time: 0.2639148
17/06/09 20:11:10 INFO executor.CoarseGrainedExecutorBackend: Got assigned task 1320
2015-10-18 18:10:42,545 INFO [RMCommunicator Allocator] org.apache.hadoop.ipc.Client: Retrying connect to server: msra-sa-41:8030. Already tried 0 time(s); retry policy is RetryUpToMaximumCountWithFixedSleep(maxRetries=10, sleepTime=1000 MILLISECONDS)
Jul  7 23:00:44 calvisitor-10-105-160-85 kernel[0]: ARPT: 784053.579480: wl0: setup_keepalive: Local port: 59927, Remote port: 443
- 1131567290 2005.11.09 bn508 Nov 9 12:14:50 bn508/bn508 ntpd[29337]: synchronized to 10.100.22.250, stratum 3
[07.27 10:23:29] chrome.exe *64 - mhfm7.us.cdndm5.com:80 open through proxy proxy.cse.cuhk.edu.hk:5070 HTTPS
2015-10-18 18:10:42,545 ERROR [RMCommunicator Allocator] org.apache.hadoop.mapreduce.v2.app.rm.RMContainerAllocator: ERROR IN CONTACTING RM. 
- 1133448658 2005.12.01 R27-M0-NE-C:J17-U11 2005-12-01-06.50.58.300024 R27-M0-NE-C:J17-U11 RAS KERNEL INFO 10740 total interrupts. 0 critical input interrupts. 0 microseconds total spent on critical input interrupts, 0 microseconds max time in a critical input interrupt.
Dec 10 11:04:25 LabSZ sshd[25513]: pam_unix(sshd:auth): check pass; user unknown
Jul  7 23:00:46 calvisitor-10-105-160-85 kernel[0]: ARPT: 784055.560270: IOPMPowerSource Information: onSleep,  SleepType: Normal Sleep,  'ExternalConnected': No, 'TimeRemaining': 5600,
- 1133448674 2005.12.01 R26-M1-NF-C:J09-U01 2005-12-01-06.51.14.927478 R26-M1-NF-C:J09-U01 RAS KERNEL INFO 0 microseconds spent in the rbs signal handler during 0 calls. 0 microseconds was the maximum time for a single instance of a correctable ddr.
2015-10-18 18:10:43,139 WARN [LeaseRenewer:msrabi@msra-sa-41:9000] org.apache.hadoop.ipc.Client: Address change detected. Old: msra-sa-41/10.190.173.170:9000 New: msra-sa-41:9000
- 1131567290 2005.11.09 cn32 Nov 9 12:14:50 cn32/cn32 ntpd[16725]: synchronized to 10.100.20.250, stratum 3
Jul  7 23:14:23 calvisitor-10-105-160-85 kernel[0]: ARPT: 784117.089800: AirPort_Brcm43xx::powerChange: System Sleep
081111 094439 32 INFO dfs.FSNamesystem: BLOCK* NameSystem.allocateBlock: /user/root/rand8/_temporary/_task_200811101024_0015_m_001425_0/part-01425. blk_2630223487595425525
Dec 10 11:04:25 LabSZ sshd[25513]: pam_unix(sshd:auth): authentication failure; logname= uid=0 euid=0 tty=ssh ruser= rhost=103.99.0.122 
nova-compute.log.1.2017-05-16_13:55:31 2017-05-16 00:14:06.453 2931 INFO nova.virt.libvirt.driver [req-08d50ea8-a6d0-474a-aaea-560407ef2dec 113d3a99c3da401fbd62cc2caa5b96d2 54fadb412c4e40cdbaed9335e4c35a9e - - -] [instance: c62f4f25-982c-4ea2-b5e4-93000edfcfbf] Deleting instance files /var/lib/nova/instances/c62f4f25-982c-4ea2-b5e4-93000edfcfbf_del
2016-09-29 02:04:37, Info                  CBS    Session: 30546354_3337223059 initialized by client WindowsUpdateAgent.
17/06/09 20:11:10 INFO executor.CoarseGrainedExecutorBackend: Got assigned task 1321
- 1131567290 2005.11.09 cn353 Nov 9 12:14:50 cn353/cn353 ntpd[12629]: synchronized to 10.100.18.250, stratum 3
17/06/09 20:11:10 INFO executor.Executor: Running task 0.0 in stage 29.0 (TID 1320)
- 1133448686 2005.12.01 R45-M1-N8-C:J14-U11 2005-12-01-06.51.26.654520 R45-M1-N8-C:J14-U11 RAS KERNEL INFO 10684 total interrupts. 0 critical input interrupts. 0 microseconds total spent on critical input interrupts, 0 microseconds max time in a critical input interrupt.
[07.27 10:23:30] chrome.exe *64 - wn.pos.baidu.com:443 close, 330 bytes sent, 4169 bytes (4.07 KB) received, lifetime 00:22
03-17 16:16:06.688  2227  2227 I StackScrollAlgorithm: updateClipping isOverlap:false, getTopPadding=333.0, Translation=-497.0
081111 094633 25926 INFO dfs.DataNode$PacketResponder: Received block blk_-5385105076403314787 of size 67108864 from /10.251.42.9
081111 094713 29 INFO dfs.FSNamesystem: BLOCK* NameSystem.allocateBlock: /user/root/rand8/_temporary/_task_200811101024_0015_m_001757_0/part-01757. blk_-5343533992609553091
17/06/09 20:11:10 INFO executor.Executor: Running task 1.0 in stage 29.0 (TID 1321)
081111 094825 35 INFO dfs.FSNamesystem: BLOCK* NameSystem.allocateBlock: /user/root/rand8/_temporary/_task_200811101024_0015_m_001473_0/part-01473. blk_-4390972361898978900
03-17 16:16:06.689  2227  2227 I StackScrollAlgorithm: updateDimmedActivatedHideSensitive overlap:false
Jul 27 14:41:58 combo kernel: SELinux:  Initializing.
443580 Interconnect-1T01 switch_module error 1144142493 1 link errors remain current
2015-07-29 19:34:58,716 - WARN  [SendWorker:188978561024:QuorumCnxManager$SendWorker@679] - Interrupted while waiting for message on queue
081111 094832 26039 INFO dfs.DataNode$PacketResponder: Received block blk_1190791818440776717 of size 67108864 from /10.251.43.147
479886 Interconnect-1T02 switch_module error 1146011009 1 link errors remain current
03-17 16:16:06.733  2227  2227 I PanelView: onInterceptTouchEvent MotionEvent { action=ACTION_UP, actionButton=0, id[0]=0, x[0]=622.0, y[0]=86.0, toolType[0]=TOOL_TYPE_FINGER, buttonState=0, metaState=0, flags=0x0, edgeFlags=0x0, pointerCount=1, historySize=0, eventTime=261991368, downTime=261991304, deviceId=3, source=0x1002 }, mBlockTouches=false
[Mon Dec 05 16:26:05 2005] [notice] workerEnv.init() ok /etc/httpd/conf/workers2.properties
2015-10-18 18:10:43,139 WARN [LeaseRenewer:msrabi@msra-sa-41:9000] org.apache.hadoop.hdfs.LeaseRenewer: Failed to renew lease for [DFSClient_NONMAPREDUCE_1537864556_1] for 345 seconds.  Will retry shortly ...
17/06/09 20:11:10 INFO executor.CoarseGrainedExecutorBackend: Got assigned task 1322
2015-10-18 18:10:43,545 WARN [RMCommunicator Allocator] org.apache.hadoop.ipc.Client: Address change detected. Old: msra-sa-41/10.190.173.170:8030 New: msra-sa-41:8030
Jul 27 14:41:58 combo kernel: SELinux:  Starting in permissive mode
Jul 27 14:41:58 combo kernel: There is already a security framework initialized, register_security failed.
17/06/09 20:11:10 INFO executor.Executor: Running task 2.0 in stage 29.0 (TID 1322)
nova-compute.log.1.2017-05-16_13:55:31 2017-05-16 00:14:06.455 2931 INFO nova.virt.libvirt.driver [req-08d50ea8-a6d0-474a-aaea-560407ef2dec 113d3a99c3da401fbd62cc2caa5b96d2 54fadb412c4e40cdbaed9335e4c35a9e - - -] [instance: c62f4f25-982c-4ea2-b5e4-93000edfcfbf] Deletion of /var/lib/nova/instances/c62f4f25-982c-4ea2-b5e4-93000edfcfbf_del complete
081111 094918 25951 INFO dfs.DataNode$PacketResponder: Received block blk_-7202857144668308473 of size 67108864 from /10.251.43.21
2015-07-29 19:35:01,969 - WARN  [RecvWorker:188978561024:QuorumCnxManager$RecvWorker@762] - Connection broken for id 188978561024, my id = 3, error = 
2015-10-18 18:10:44,139 WARN [LeaseRenewer:msrabi@msra-sa-41:9000] org.apache.hadoop.ipc.Client: Address change detected. Old: msra-sa-41/10.190.173.170:9000 New: msra-sa-41:9000
- 1131567290 2005.11.09 cn564 Nov 9 12:14:50 cn564/cn564 ntpd[17934]: synchronized to 10.100.22.250, stratum 3
03-17 16:16:06.733  1702  1820 I DisplayPowerController: HBM brightnessIn =38
081111 094921 25993 INFO dfs.DataNode$DataXceiver: Receiving block blk_5565611615515783341 src: /10.251.126.5:35656 dest: /10.251.126.5:50010
2016-09-29 02:04:37, Info                  CBS    Read out cached package applicability for package: Package_for_KB3006625~31bf3856ad364e35~amd64~~6.1.1.0, ApplicableState: 80, CurrentState:112
2015-07-29 19:35:02,057 - WARN  [RecvWorker:188978561024:QuorumCnxManager$RecvWorker@762] - Connection broken for id 188978561024, my id = 3, error = 
nova-compute.log.1.2017-05-16_13:55:31 2017-05-16 00:14:06.582 2931 INFO nova.compute.manager [req-08d50ea8-a6d0-474a-aaea-560407ef2dec 113d3a99c3da401fbd62cc2caa5b96d2 54fadb412c4e40cdbaed9335e4c35a9e - - -] [instance: c62f4f25-982c-4ea2-b5e4-93000edfcfbf] Took 1.02 seconds to destroy the instance on the hypervisor.
03-17 16:16:06.734  1702  1820 I DisplayPowerController: HBM brightnessOut =38
17/06/09 20:11:10 INFO executor.CoarseGrainedExecutorBackend: Got assigned task 1323
[07.27 10:23:30] chrome.exe *64 - cpro.baidustatic.com:443 close, 334 bytes sent, 3713 bytes (3.62 KB) received, lifetime 00:22
2015-07-29 19:35:02,168 - INFO  [/10.10.34.13:3888:QuorumCnxManager$Listener@493] - Received connection request /10.10.34.13:47032
- 1133448690 2005.12.01 R26-M1-N8-C:J08-U01 2005-12-01-06.51.30.715510 R26-M1-N8-C:J08-U01 RAS KERNEL INFO 10652 total interrupts. 0 critical input interrupts. 0 microseconds total spent on critical input interrupts, 0 microseconds max time in a critical input interrupt.
2016-09-29 02:04:37, Info                  CBS    Session: 30546354_3337373067 initialized by client WindowsUpdateAgent.
Jul  7 23:27:02 calvisitor-10-105-160-85 kernel[0]: ARPT: 784117.625615: wl0: leaveModulePoweredForOffloads: Wi-Fi will stay on.
[07.27 10:23:30] chrome.exe *64 - q1.cnzz.com:80 open through proxy proxy.cse.cuhk.edu.hk:5070 HTTPS
2573188 node-129 unix.hw net.niff.up 1074131255 1 NIFF: node node-129 has detected an available network connection on network 10.128.0.0 via interface ee0
nova-api.log.1.2017-05-16_13:53:08 2017-05-16 00:14:07.095 25746 INFO nova.osapi_compute.wsgi.server [req-066e2f4a-435d-4939-84c5-f74916ccecb1 113d3a99c3da401fbd62cc2caa5b96d2 54fadb412c4e40cdbaed9335e4c35a9e - - -] 10.11.10.1 "GET /v2/54fadb412c4e40cdbaed9335e4c35a9e/servers/detail HTTP/1.1" status: 200 len: 1916 time: 0.3046119
17/06/09 20:11:10 INFO executor.Executor: Running task 3.0 in stage 29.0 (TID 1323)
081111 094930 26178 INFO dfs.DataNode$PacketResponder: Received block blk_-3283153974358895314 of size 67108864 from /10.251.111.228
03-17 16:16:06.734  1702  1820 D DisplayPowerController: Animating brightness: target=38, rate=200
081111 094936 25537 INFO dfs.DataNode$PacketResponder: PacketResponder 1 for block blk_-1484647023667047838 terminating
- 1131567290 2005.11.09 dn880 Nov 9 12:14:50 dn880/dn880 ntpd[2075]: synchronized to 10.100.30.250, stratum 3
2573624 node-148 unix.hw net.niff.up 1074131743 1 NIFF: node node-148 has detected an available network connection on network 5.5.226.0 via interface alt0
03-17 16:16:06.746  2227  2227 V AudioManager: playSoundEffect   effectType: 0
Jul 27 14:41:58 combo kernel: Failure registering capabilities with the kernel
[07.27 10:23:42] chrome.exe *64 - t12.baidu.com:80 close, 0 bytes sent, 0 bytes received, lifetime 00:17
nova-compute.log.1.2017-05-16_13:55:31 2017-05-16 00:14:07.161 2931 INFO nova.compute.manager [req-08d50ea8-a6d0-474a-aaea-560407ef2dec 113d3a99c3da401fbd62cc2caa5b96d2 54fadb412c4e40cdbaed9335e4c35a9e - - -] [instance: c62f4f25-982c-4ea2-b5e4-93000edfcfbf] Took 0.58 seconds to deallocate network for instance.
17/06/09 20:11:10 INFO executor.CoarseGrainedExecutorBackend: Got assigned task 1324
Dec 10 11:04:27 LabSZ sshd[25516]: Failed password for root from 183.62.140.253 port 33233 ssh2
03-17 16:16:06.746  2227  2227 V AudioManager: querySoundEffectsEnabled...
20171224-0:11:56:143|Step_LSC|30002312|onStandStepChanged 3786
081111 094939 29 INFO dfs.FSNamesystem: BLOCK* NameSystem.addStoredBlock: blockMap updated: 10.250.6.223:50010 is added to blk_7474737521119026445 size 67108864
2015-10-18 18:10:44,139 WARN [LeaseRenewer:msrabi@msra-sa-41:9000] org.apache.hadoop.hdfs.LeaseRenewer: Failed to renew lease for [DFSClient_NONMAPREDUCE_1537864556_1] for 346 seconds.  Will retry shortly ...
- 1131567290 2005.11.09 tbird-admin1 Nov 9 12:14:50 local@tbird-admin1 /apps/x86_64/system/ganglia-3.0.1/sbin/gmetad[1682]: data_thread() got not answer from any [Thunderbird_D6] datasource
20171224-0:11:56:151|Step_LSC|30002312|onExtend:1514045516000 0 0 5
Jul 27 14:41:58 combo kernel: selinux_register_security:  Registering secondary module capability
2016-09-29 02:04:37, Info                  CBS    Read out cached package applicability for package: Package_for_KB3159398~31bf3856ad364e35~amd64~~6.1.1.1, ApplicableState: 112, CurrentState:112
[07.27 10:23:42] chrome.exe *64 - mhfm9.us.cdndm5.com:80 close, 0 bytes sent, 0 bytes received, lifetime 00:12
2576312 node-24 unix.hw net.niff.up 1074178812 1 NIFF: node node-24 has detected an available network connection on network 10.128.0.0 via interface ee0
2015-10-18 18:10:44,545 INFO [RMCommunicator Allocator] org.apache.hadoop.ipc.Client: Retrying connect to server: msra-sa-41:8030. Already tried 0 time(s); retry policy is RetryUpToMaximumCountWithFixedSleep(maxRetries=10, sleepTime=1000 MILLISECONDS)
Jul  7 23:38:27 calvisitor-10-105-160-85 kernel[0]: ARPT: 784178.158614: AirPort_Brcm43xx::platformWoWEnable: WWEN[enable]
20171224-0:11:56:445|Step_SPUtils|30002312| getTodayTotalDetailSteps = 1514045340000##0##549659##8661##16256##34087759
03-17 16:16:06.756  2227  2227 I PhoneStatusBar: updateNotificationShade: total=1, active=1
Dec 10 11:04:27 LabSZ sshd[25516]: Received disconnect from 183.62.140.253: 11: Bye Bye [preauth]
2576662 node-232 unix.hw net.niff.up 1074179408 1 NIFF: node node-232 has detected an available network connection on network 10.128.0.0 via interface ee0
17/06/09 20:11:10 INFO executor.Executor: Running task 4.0 in stage 29.0 (TID 1324)
17/06/09 20:11:10 INFO broadcast.TorrentBroadcast: Started reading broadcast variable 40
2587654 node-17 unix.hw net.niff.up 1074241968 1 NIFF: node node-17 has detected an available network connection on network 10.128.0.0 via interface ee0
- 1131567291 2005.11.09 tbird-admin1 Nov 9 12:14:51 local@tbird-admin1 /apps/x86_64/system/ganglia-3.0.1/sbin/gmetad[1682]: data_thread() got not answer from any [Thunderbird_C2] datasource
Jul 27 14:41:58 combo kernel: Capability LSM initialized
- 1133448762 2005.12.01 R25-M0-N4-C:J13-U01 2005-12-01-06.52.42.454848 R25-M0-N4-C:J13-U01 RAS KERNEL INFO 0 microseconds spent in the rbs signal handler during 0 calls. 0 microseconds was the maximum time for a single instance of a correctable ddr.
[07.27 10:23:42] chrome.exe *64 - t12.baidu.com:80 close, 0 bytes sent, 0 bytes received, lifetime 00:1720171224-0:11:56:446|Step_SPUtils|30002312|setTodayTotalDetailSteps=1514045400000##0##549659##8661##16256##34160765
Jul  7 23:38:32 authorMacBook-Pro kernel[0]: en0::IO80211Interface::postMessage bssid changed
- 1133448791 2005.12.01 R22-M0-ND-C:J17-U01 2005-12-01-06.53.11.512681 R22-M0-ND-C:J17-U01 RAS KERNEL INFO 0 microseconds spent in the rbs signal handler during 0 calls. 0 microseconds was the maximum time for a single instance of a correctable ddr.
Jul 27 14:41:58 combo rpcidmapd: rpc.idmapd startup succeeded
2589343 node-241 unix.hw net.niff.up 1074243421 1 NIFF: node node-241 has detected an available network connection on network 10.128.0.0 via interface ee0
[Mon Dec 05 16:26:05 2005] [error] mod_jk child workerEnv in error state 6
Dec 10 11:04:27 LabSZ sshd[25513]: Failed password for invalid user admin from 103.99.0.122 port 50289 ssh2
2015-07-29 19:35:05,510 - WARN  [SendWorker:188978561024:QuorumCnxManager$SendWorker@679] - Interrupted while waiting for message on queue
20171224-0:11:56:453|Step_ExtSDM|30002312|calculateCaloriesWithCache totalCalories=0
2015-10-18 18:10:44,545 ERROR [RMCommunicator Allocator] org.apache.hadoop.mapreduce.v2.app.rm.RMContainerAllocator: ERROR IN CONTACTING RM. 
2015-10-18 18:10:45,139 WARN [LeaseRenewer:msrabi@msra-sa-41:9000] org.apache.hadoop.ipc.Client: Address change detected. Old: msra-sa-41/10.190.173.170:9000 New: msra-sa-41:9000
[Mon Dec 05 16:26:05 2005] [notice] workerEnv.init() ok /etc/httpd/conf/workers2.properties
- 1131567292 2005.11.09 tbird-admin1 Nov 9 12:14:52 local@tbird-admin1 /apps/x86_64/system/ganglia-3.0.1/sbin/gmetad[1682]: data_thread() got not answer from any [Thunderbird_B5] datasource
17/06/09 20:11:10 INFO storage.MemoryStore: Block broadcast_40_piece0 stored as bytes in memory (estimated size 6.0 KB, free 874.3 KB)
2590507 node-26 unix.hw net.niff.up 1074262519 1 NIFF: node node-26 has detected an available network connection on network 5.5.226.0 via interface alt0
nova-api.log.1.2017-05-16_13:53:08 2017-05-16 00:14:08.197 25746 INFO nova.osapi_compute.wsgi.server [req-fd70d0b5-7a2d-46ad-a0cb-93b6d93028f9 113d3a99c3da401fbd62cc2caa5b96d2 54fadb412c4e40cdbaed9335e4c35a9e - - -] 10.11.10.1 "GET /v2/54fadb412c4e40cdbaed9335e4c35a9e/servers/detail HTTP/1.1" status: 200 len: 211 time: 0.0958090
081111 095020 25962 INFO dfs.DataNode$DataXceiver: Receiving block blk_-8571819028995448536 src: /10.251.197.226:34801 dest: /10.251.197.226:50010
Jul 27 14:41:58 combo kernel: Dentry cache hash table entries: 16384 (order: 4, 65536 bytes)
2015-10-18 18:10:45,139 WARN [LeaseRenewer:msrabi@msra-sa-41:9000] org.apache.hadoop.hdfs.LeaseRenewer: Failed to renew lease for [DFSClient_NONMAPREDUCE_1537864556_1] for 347 seconds.  Will retry shortly ...
